

================================================================
== Vivado HLS Report for 'conv_1d_cl_array_ap_int_16_1u_array_ap_fixed_24_16_0_0_0_8u_config2_s'
================================================================
* Date:           Fri Aug  9 00:39:37 2024

* Version:        2020.1 (Build 2897737 on Wed May 27 20:21:37 MDT 2020)
* Project:        Encoder_prj
* Solution:       solution1
* Product family: kintexuplus
* Target device:  xcku15p-ffve1517-1-i


================================================================
== Performance Estimates
================================================================
+ Timing: 
    * Summary: 
    +--------+---------+----------+------------+
    |  Clock |  Target | Estimated| Uncertainty|
    +--------+---------+----------+------------+
    |ap_clk  | 5.00 ns | 4.357 ns |   0.62 ns  |
    +--------+---------+----------+------------+

+ Latency: 
    * Summary: 
    +---------+---------+----------+----------+-----+-----+---------+
    |  Latency (cycles) |  Latency (absolute) |  Interval | Pipeline|
    |   min   |   max   |    min   |    max   | min | max |   Type  |
    +---------+---------+----------+----------+-----+-----+---------+
    |      396|      462| 1.980 us | 2.310 us |  396|  462|   none  |
    +---------+---------+----------+----------+-----+-----+---------+

    + Detail: 
        * Instance: 
        N/A

        * Loop: 
        +---------------------+---------+---------+----------+-----------+-----------+------+----------+
        |                     |  Latency (cycles) | Iteration|  Initiation Interval  | Trip |          |
        |      Loop Name      |   min   |   max   |  Latency |  achieved |   target  | Count| Pipelined|
        +---------------------+---------+---------+----------+-----------+-----------+------+----------+
        |- ReadInputWidth     |      395|      461|   6 ~ 7  |          -|          -|    66|    no    |
        | + KernelShiftWidth  |        2|        2|         1|          1|          1|     2|    yes   |
        +---------------------+---------+---------+----------+-----------+-----------+------+----------+



================================================================
== Utilization Estimates
================================================================
* Summary: 
+-----------------+---------+-------+---------+--------+-----+
|       Name      | BRAM_18K| DSP48E|    FF   |   LUT  | URAM|
+-----------------+---------+-------+---------+--------+-----+
|DSP              |        -|     21|        -|       -|    -|
|Expression       |        -|      0|        0|    7659|    -|
|FIFO             |        -|      -|        -|       -|    -|
|Instance         |        -|      -|        -|       -|    -|
|Memory           |        -|      -|        -|       -|    -|
|Multiplexer      |        -|      -|        -|     179|    -|
|Register         |        -|      -|      878|       -|    -|
+-----------------+---------+-------+---------+--------+-----+
|Total            |        0|     21|      878|    7838|    0|
+-----------------+---------+-------+---------+--------+-----+
|Available        |     1968|   1968|  1045440|  522720|  128|
+-----------------+---------+-------+---------+--------+-----+
|Utilization (%)  |        0|      1|    ~0   |       1|    0|
+-----------------+---------+-------+---------+--------+-----+

+ Detail: 
    * Instance: 
    N/A

    * DSP48E: 
    +------------------------------------+--------------------------------+-----------+
    |              Instance              |             Module             | Expression|
    +------------------------------------+--------------------------------+-----------+
    |Encoder_mul_mul_6ns_16s_22_1_1_U24  |Encoder_mul_mul_6ns_16s_22_1_1  |  i0 * i1  |
    |Encoder_mul_mul_6s_16s_22_1_1_U4    |Encoder_mul_mul_6s_16s_22_1_1   |  i0 * i1  |
    |Encoder_mul_mul_6s_16s_22_1_1_U16   |Encoder_mul_mul_6s_16s_22_1_1   |  i0 * i1  |
    |Encoder_mul_mul_6s_16s_22_1_1_U18   |Encoder_mul_mul_6s_16s_22_1_1   |  i0 * i1  |
    |Encoder_mul_mul_7ns_16s_23_1_1_U10  |Encoder_mul_mul_7ns_16s_23_1_1  |  i0 * i1  |
    |Encoder_mul_mul_7ns_16s_23_1_1_U12  |Encoder_mul_mul_7ns_16s_23_1_1  |  i0 * i1  |
    |Encoder_mul_mul_7ns_16s_23_1_1_U20  |Encoder_mul_mul_7ns_16s_23_1_1  |  i0 * i1  |
    |Encoder_mul_mul_7s_16s_23_1_1_U5    |Encoder_mul_mul_7s_16s_23_1_1   |  i0 * i1  |
    |Encoder_mul_mul_7s_16s_23_1_1_U8    |Encoder_mul_mul_7s_16s_23_1_1   |  i0 * i1  |
    |Encoder_mul_mul_7s_16s_23_1_1_U17   |Encoder_mul_mul_7s_16s_23_1_1   |  i0 * i1  |
    |Encoder_mul_mul_7s_16s_23_1_1_U19   |Encoder_mul_mul_7s_16s_23_1_1   |  i0 * i1  |
    |Encoder_mul_mul_8ns_16s_24_1_1_U11  |Encoder_mul_mul_8ns_16s_24_1_1  |  i0 * i1  |
    |Encoder_mul_mul_8ns_16s_24_1_1_U13  |Encoder_mul_mul_8ns_16s_24_1_1  |  i0 * i1  |
    |Encoder_mul_mul_8ns_16s_24_1_1_U14  |Encoder_mul_mul_8ns_16s_24_1_1  |  i0 * i1  |
    |Encoder_mul_mul_8ns_16s_24_1_1_U21  |Encoder_mul_mul_8ns_16s_24_1_1  |  i0 * i1  |
    |Encoder_mul_mul_8s_16s_24_1_1_U6    |Encoder_mul_mul_8s_16s_24_1_1   |  i0 * i1  |
    |Encoder_mul_mul_8s_16s_24_1_1_U9    |Encoder_mul_mul_8s_16s_24_1_1   |  i0 * i1  |
    |Encoder_mul_mul_8s_16s_24_1_1_U22   |Encoder_mul_mul_8s_16s_24_1_1   |  i0 * i1  |
    |Encoder_mul_mul_9ns_16s_24_1_1_U15  |Encoder_mul_mul_9ns_16s_24_1_1  |  i0 * i1  |
    |Encoder_mul_mul_9s_16s_24_1_1_U7    |Encoder_mul_mul_9s_16s_24_1_1   |  i0 * i1  |
    |Encoder_mul_mul_9s_16s_24_1_1_U23   |Encoder_mul_mul_9s_16s_24_1_1   |  i0 * i1  |
    +------------------------------------+--------------------------------+-----------+

    * Memory: 
    N/A

    * FIFO: 
    N/A

    * Expression: 
    +------------------------------+----------+-------+---+----+------------+------------+
    |         Variable Name        | Operation| DSP48E| FF| LUT| Bitwidth P0| Bitwidth P1|
    +------------------------------+----------+-------+---+----+------------+------------+
    |mul_ln1118_519_fu_4346_p2     |     *    |      0|  0|   5|           4|          16|
    |acc_0_V_64_fu_2020_p2         |     +    |      0|  0|  31|          24|          24|
    |acc_0_V_66_fu_2274_p2         |     +    |      0|  0|  31|          24|          24|
    |acc_0_V_fu_681_p2             |     +    |      0|  0|  31|           5|          24|
    |acc_1_V_64_fu_2415_p2         |     +    |      0|  0|  31|          24|          24|
    |acc_1_V_66_fu_2669_p2         |     +    |      0|  0|  31|          24|          24|
    |acc_1_V_fu_983_p2             |     +    |      0|  0|  31|           7|          24|
    |acc_2_V_64_fu_3008_p2         |     +    |      0|  0|  31|          24|          24|
    |acc_2_V_66_fu_5204_p2         |     +    |      0|  0|  31|          24|          24|
    |acc_2_V_fu_2754_p2            |     +    |      0|  0|  31|           7|          24|
    |acc_3_V_64_fu_3480_p2         |     +    |      0|  0|  31|          24|          24|
    |acc_3_V_66_fu_5316_p2         |     +    |      0|  0|  31|          24|          24|
    |acc_3_V_fu_3253_p2            |     +    |      0|  0|  31|           5|          24|
    |acc_4_V_64_fu_3925_p2         |     +    |      0|  0|  31|          24|          24|
    |acc_4_V_66_fu_5429_p2         |     +    |      0|  0|  31|          24|          24|
    |acc_4_V_fu_3696_p2            |     +    |      0|  0|  31|           7|          24|
    |acc_5_V_64_fu_4278_p2         |     +    |      0|  0|  31|          24|          24|
    |acc_5_V_66_fu_5547_p2         |     +    |      0|  0|  31|          24|          24|
    |acc_5_V_fu_4136_p2            |     +    |      0|  0|  31|           4|          24|
    |acc_6_V_64_fu_4510_p2         |     +    |      0|  0|  31|          24|          24|
    |acc_6_V_66_fu_4753_p2         |     +    |      0|  0|  31|          24|          24|
    |acc_6_V_fu_1571_p2            |     +    |      0|  0|  31|           6|          24|
    |acc_7_V_64_fu_4899_p2         |     +    |      0|  0|  31|          24|          24|
    |acc_7_V_66_fu_5116_p2         |     +    |      0|  0|  31|          24|          24|
    |acc_7_V_fu_1823_p2            |     +    |      0|  0|  31|           3|          24|
    |add_ln1118_1_fu_2493_p2       |     +    |      0|  0|  30|          23|          23|
    |add_ln1118_2_fu_1425_p2       |     +    |      0|  0|  28|          21|          21|
    |add_ln1118_3_fu_4966_p2       |     +    |      0|  0|  29|          22|          22|
    |add_ln1118_fu_809_p2          |     +    |      0|  0|  29|          22|          22|
    |add_ln1192_512_fu_2006_p2     |     +    |      0|  0|  32|          25|          25|
    |add_ln1192_513_fu_2260_p2     |     +    |      0|  0|  32|          25|          25|
    |add_ln1192_514_fu_969_p2      |     +    |      0|  0|  32|           7|          25|
    |add_ln1192_515_fu_2401_p2     |     +    |      0|  0|  32|          25|          25|
    |add_ln1192_516_fu_2655_p2     |     +    |      0|  0|  32|          25|          25|
    |add_ln1192_517_fu_2740_p2     |     +    |      0|  0|  32|           7|          25|
    |add_ln1192_518_fu_2994_p2     |     +    |      0|  0|  32|          25|          25|
    |add_ln1192_519_fu_5190_p2     |     +    |      0|  0|  32|          25|          25|
    |add_ln1192_520_fu_3239_p2     |     +    |      0|  0|  32|           5|          25|
    |add_ln1192_521_fu_3466_p2     |     +    |      0|  0|  32|          25|          25|
    |add_ln1192_522_fu_5302_p2     |     +    |      0|  0|  32|          25|          25|
    |add_ln1192_523_fu_3682_p2     |     +    |      0|  0|  32|           7|          25|
    |add_ln1192_524_fu_3911_p2     |     +    |      0|  0|  32|          25|          25|
    |add_ln1192_525_fu_5415_p2     |     +    |      0|  0|  32|          25|          25|
    |add_ln1192_526_fu_4122_p2     |     +    |      0|  0|  32|           4|          25|
    |add_ln1192_527_fu_4264_p2     |     +    |      0|  0|  32|          25|          25|
    |add_ln1192_528_fu_5533_p2     |     +    |      0|  0|  32|          25|          25|
    |add_ln1192_529_fu_1557_p2     |     +    |      0|  0|  32|           6|          25|
    |add_ln1192_530_fu_4496_p2     |     +    |      0|  0|  32|          25|          25|
    |add_ln1192_531_fu_4739_p2     |     +    |      0|  0|  32|          25|          25|
    |add_ln1192_532_fu_1809_p2     |     +    |      0|  0|  32|           3|          25|
    |add_ln1192_533_fu_4885_p2     |     +    |      0|  0|  32|          25|          25|
    |add_ln1192_534_fu_5102_p2     |     +    |      0|  0|  32|          25|          25|
    |add_ln1192_fu_667_p2          |     +    |      0|  0|  32|           5|          25|
    |add_ln389_fu_5620_p2          |     +    |      0|  0|  39|          32|           1|
    |add_ln391_fu_5631_p2          |     +    |      0|  0|  39|          32|           1|
    |add_ln731_1_fu_2541_p2        |     +    |      0|  0|  31|          24|          24|
    |add_ln731_2_fu_1443_p2        |     +    |      0|  0|  29|          22|          22|
    |add_ln731_3_fu_4984_p2        |     +    |      0|  0|  30|          23|          23|
    |add_ln731_fu_855_p2           |     +    |      0|  0|  30|          23|          23|
    |i_iw_1_fu_401_p2              |     +    |      0|  0|  15|           7|           1|
    |i_iw_fu_413_p2                |     +    |      0|  0|   9|           2|           1|
    |sub_ln1118_1_fu_2113_p2       |     -    |      0|  0|  27|           1|          20|
    |sub_ln1118_2_fu_1110_p2       |     -    |      0|  0|  29|          22|          22|
    |sub_ln1118_3_fu_2832_p2       |     -    |      0|  0|  28|          21|          21|
    |sub_ln1118_4_fu_3764_p2       |     -    |      0|  0|  28|          21|          21|
    |sub_ln1118_5_fu_4577_p2       |     -    |      0|  0|  28|          21|          21|
    |sub_ln1118_6_fu_1687_p2       |     -    |      0|  0|  27|           1|          20|
    |sub_ln1118_7_fu_3324_p2       |     -    |      0|  0|  28|          21|          21|
    |sub_ln1118_8_fu_3330_p2       |     -    |      0|  0|  27|          20|          20|
    |sub_ln1118_fu_519_p2          |     -    |      0|  0|  28|           1|          21|
    |sub_ln731_1_fu_2142_p2        |     -    |      0|  0|  28|           1|          21|
    |sub_ln731_2_fu_1128_p2        |     -    |      0|  0|  30|          23|          23|
    |sub_ln731_3_fu_2876_p2        |     -    |      0|  0|  29|          22|          22|
    |sub_ln731_4_fu_3348_p2        |     -    |      0|  0|  29|          22|          22|
    |sub_ln731_5_fu_3793_p2        |     -    |      0|  0|  29|          22|          22|
    |sub_ln731_6_fu_4621_p2        |     -    |      0|  0|  29|          22|          22|
    |sub_ln731_fu_553_p2           |     -    |      0|  0|  29|           1|          22|
    |and_ln360_fu_477_p2           |    and   |      0|  0|   2|           1|           1|
    |and_ln785_512_fu_790_p2       |    and   |      0|  0|   2|           1|           1|
    |and_ln785_513_fu_2172_p2      |    and   |      0|  0|   2|           1|           1|
    |and_ln785_514_fu_885_p2       |    and   |      0|  0|   2|           1|           1|
    |and_ln785_515_fu_1076_p2      |    and   |      0|  0|   2|           1|           1|
    |and_ln785_516_fu_2567_p2      |    and   |      0|  0|   2|           1|           1|
    |and_ln785_517_fu_1158_p2      |    and   |      0|  0|   2|           1|           1|
    |and_ln785_518_fu_2906_p2      |    and   |      0|  0|   2|           1|           1|
    |and_ln785_519_fu_3103_p2      |    and   |      0|  0|   2|           1|           1|
    |and_ln785_520_fu_1267_p2      |    and   |      0|  0|   2|           1|           1|
    |and_ln785_521_fu_3378_p2      |    and   |      0|  0|   2|           1|           1|
    |and_ln785_522_fu_3577_p2      |    and   |      0|  0|   2|           1|           1|
    |and_ln785_523_fu_1315_p2      |    and   |      0|  0|   2|           1|           1|
    |and_ln785_524_fu_3823_p2      |    and   |      0|  0|   2|           1|           1|
    |and_ln785_525_fu_4018_p2      |    and   |      0|  0|   2|           1|           1|
    |and_ln785_526_fu_1363_p2      |    and   |      0|  0|   2|           1|           1|
    |and_ln785_527_fu_1407_p2      |    and   |      0|  0|   2|           1|           1|
    |and_ln785_528_fu_4383_p2      |    and   |      0|  0|   2|           1|           1|
    |and_ln785_529_fu_1473_p2      |    and   |      0|  0|   2|           1|           1|
    |and_ln785_530_fu_1668_p2      |    and   |      0|  0|   2|           1|           1|
    |and_ln785_531_fu_4651_p2      |    and   |      0|  0|   2|           1|           1|
    |and_ln785_532_fu_1725_p2      |    and   |      0|  0|   2|           1|           1|
    |and_ln785_533_fu_1920_p2      |    and   |      0|  0|   2|           1|           1|
    |and_ln785_534_fu_5014_p2      |    and   |      0|  0|   2|           1|           1|
    |and_ln785_fu_583_p2           |    and   |      0|  0|   2|           1|           1|
    |and_ln786_1536_fu_609_p2      |    and   |      0|  0|   2|           1|           1|
    |and_ln786_1537_fu_701_p2      |    and   |      0|  0|   2|           1|           1|
    |and_ln786_1538_fu_796_p2      |    and   |      0|  0|  23|          23|          23|
    |and_ln786_1539_fu_1950_p2     |    and   |      0|  0|   2|           1|           1|
    |and_ln786_1540_fu_2039_p2     |    and   |      0|  0|   2|           1|           1|
    |and_ln786_1541_fu_2178_p2     |    and   |      0|  0|  21|          21|          21|
    |and_ln786_1542_fu_2198_p2     |    and   |      0|  0|   2|           1|           1|
    |and_ln786_1543_fu_2294_p2     |    and   |      0|  0|   2|           1|           1|
    |and_ln786_1544_fu_891_p2      |    and   |      0|  0|  23|          23|          23|
    |and_ln786_1545_fu_911_p2      |    and   |      0|  0|   2|           1|           1|
    |and_ln786_1546_fu_1003_p2     |    and   |      0|  0|   2|           1|           1|
    |and_ln786_1547_fu_1082_p2     |    and   |      0|  0|  24|          24|          24|
    |and_ln786_1548_fu_2347_p2     |    and   |      0|  0|   2|           1|           1|
    |and_ln786_1549_fu_2434_p2     |    and   |      0|  0|   2|           1|           1|
    |and_ln786_1550_fu_2573_p2     |    and   |      0|  0|  24|          24|          24|
    |and_ln786_1551_fu_2593_p2     |    and   |      0|  0|   2|           1|           1|
    |and_ln786_1552_fu_2689_p2     |    and   |      0|  0|   2|           1|           1|
    |and_ln786_1553_fu_1164_p2     |    and   |      0|  0|  23|          23|          23|
    |and_ln786_1554_fu_1184_p2     |    and   |      0|  0|   2|           1|           1|
    |and_ln786_1555_fu_2773_p2     |    and   |      0|  0|   2|           1|           1|
    |and_ln786_1556_fu_2912_p2     |    and   |      0|  0|  22|          22|          22|
    |and_ln786_1557_fu_2932_p2     |    and   |      0|  0|   2|           1|           1|
    |and_ln786_1558_fu_3028_p2     |    and   |      0|  0|   2|           1|           1|
    |and_ln786_1559_fu_3109_p2     |    and   |      0|  0|  17|          17|          17|
    |and_ln786_1560_fu_3129_p2     |    and   |      0|  0|   2|           1|           1|
    |and_ln786_1561_fu_5222_p2     |    and   |      0|  0|   2|           1|           1|
    |and_ln786_1562_fu_1273_p2     |    and   |      0|  0|  24|          24|          24|
    |and_ln786_1563_fu_3188_p2     |    and   |      0|  0|   2|           1|           1|
    |and_ln786_1564_fu_3273_p2     |    and   |      0|  0|   2|           1|           1|
    |and_ln786_1565_fu_3384_p2     |    and   |      0|  0|  22|          22|          22|
    |and_ln786_1566_fu_3404_p2     |    and   |      0|  0|   2|           1|           1|
    |and_ln786_1567_fu_3500_p2     |    and   |      0|  0|   2|           1|           1|
    |and_ln786_1568_fu_3583_p2     |    and   |      0|  0|  24|          24|          24|
    |and_ln786_1569_fu_3602_p2     |    and   |      0|  0|   2|           1|           1|
    |and_ln786_1570_fu_5335_p2     |    and   |      0|  0|   2|           1|           1|
    |and_ln786_1571_fu_1321_p2     |    and   |      0|  0|  24|          24|          24|
    |and_ln786_1572_fu_3631_p2     |    and   |      0|  0|   2|           1|           1|
    |and_ln786_1573_fu_3716_p2     |    and   |      0|  0|   2|           1|           1|
    |and_ln786_1574_fu_3829_p2     |    and   |      0|  0|  22|          22|          22|
    |and_ln786_1575_fu_3849_p2     |    and   |      0|  0|   2|           1|           1|
    |and_ln786_1576_fu_3945_p2     |    and   |      0|  0|   2|           1|           1|
    |and_ln786_1577_fu_4024_p2     |    and   |      0|  0|  24|          24|          24|
    |and_ln786_1578_fu_4042_p2     |    and   |      0|  0|   2|           1|           1|
    |and_ln786_1579_fu_5448_p2     |    and   |      0|  0|   2|           1|           1|
    |and_ln786_1580_fu_1369_p2     |    and   |      0|  0|  24|          24|          24|
    |and_ln786_1581_fu_4071_p2     |    and   |      0|  0|   2|           1|           1|
    |and_ln786_1582_fu_4156_p2     |    and   |      0|  0|   2|           1|           1|
    |and_ln786_1583_fu_1413_p2     |    and   |      0|  0|  24|          24|          24|
    |and_ln786_1584_fu_4209_p2     |    and   |      0|  0|   2|           1|           1|
    |and_ln786_1585_fu_4298_p2     |    and   |      0|  0|   2|           1|           1|
    |and_ln786_1586_fu_4389_p2     |    and   |      0|  0|  22|          22|          22|
    |and_ln786_1587_fu_4408_p2     |    and   |      0|  0|   2|           1|           1|
    |and_ln786_1588_fu_5566_p2     |    and   |      0|  0|   2|           1|           1|
    |and_ln786_1589_fu_1479_p2     |    and   |      0|  0|  22|          22|          22|
    |and_ln786_1590_fu_1499_p2     |    and   |      0|  0|   2|           1|           1|
    |and_ln786_1591_fu_1591_p2     |    and   |      0|  0|   2|           1|           1|
    |and_ln786_1592_fu_1674_p2     |    and   |      0|  0|  23|          23|          23|
    |and_ln786_1593_fu_4440_p2     |    and   |      0|  0|   2|           1|           1|
    |and_ln786_1594_fu_4529_p2     |    and   |      0|  0|   2|           1|           1|
    |and_ln786_1595_fu_4657_p2     |    and   |      0|  0|  22|          22|          22|
    |and_ln786_1596_fu_4677_p2     |    and   |      0|  0|   2|           1|           1|
    |and_ln786_1597_fu_4773_p2     |    and   |      0|  0|   2|           1|           1|
    |and_ln786_1598_fu_1731_p2     |    and   |      0|  0|  21|          21|          21|
    |and_ln786_1599_fu_1751_p2     |    and   |      0|  0|   2|           1|           1|
    |and_ln786_1600_fu_1843_p2     |    and   |      0|  0|   2|           1|           1|
    |and_ln786_1601_fu_1926_p2     |    and   |      0|  0|  23|          23|          23|
    |and_ln786_1602_fu_4829_p2     |    and   |      0|  0|   2|           1|           1|
    |and_ln786_1603_fu_4918_p2     |    and   |      0|  0|   2|           1|           1|
    |and_ln786_1604_fu_5020_p2     |    and   |      0|  0|  23|          23|          23|
    |and_ln786_1605_fu_5040_p2     |    and   |      0|  0|   2|           1|           1|
    |and_ln786_1606_fu_5136_p2     |    and   |      0|  0|   2|           1|           1|
    |and_ln786_fu_589_p2           |    and   |      0|  0|  22|          22|          22|
    |ap_block_state6               |    and   |      0|  0|   2|           1|           1|
    |ap_condition_274              |    and   |      0|  0|   2|           1|           1|
    |io_acc_block_signal_op899     |    and   |      0|  0|   2|           1|           1|
    |icmp_ln166_fu_407_p2          |   icmp   |      0|  0|   9|           2|           3|
    |icmp_ln360_1_fu_471_p2        |   icmp   |      0|  0|  20|          31|           1|
    |icmp_ln360_fu_451_p2          |   icmp   |      0|  0|  20|          32|           2|
    |icmp_ln384_fu_5615_p2         |   icmp   |      0|  0|  20|          32|           7|
    |icmp_ln64_fu_5656_p2          |   icmp   |      0|  0|  11|           7|           7|
    |ap_block_state1               |    or    |      0|  0|   2|           1|           1|
    |or_ln340_2048_fu_633_p2       |    or    |      0|  0|   2|           1|           1|
    |or_ln340_2049_fu_719_p2       |    or    |      0|  0|   2|           1|           1|
    |or_ln340_2050_fu_1955_p2      |    or    |      0|  0|   2|           1|           1|
    |or_ln340_2051_fu_1970_p2      |    or    |      0|  0|   2|           1|           1|
    |or_ln340_2052_fu_2057_p2      |    or    |      0|  0|   2|           1|           1|
    |or_ln340_2053_fu_2204_p2      |    or    |      0|  0|   2|           1|           1|
    |or_ln340_2054_fu_2222_p2      |    or    |      0|  0|   2|           1|           1|
    |or_ln340_2055_fu_2312_p2      |    or    |      0|  0|   2|           1|           1|
    |or_ln340_2056_fu_917_p2       |    or    |      0|  0|   2|           1|           1|
    |or_ln340_2057_fu_935_p2       |    or    |      0|  0|   2|           1|           1|
    |or_ln340_2058_fu_1021_p2      |    or    |      0|  0|   2|           1|           1|
    |or_ln340_2059_fu_2352_p2      |    or    |      0|  0|   2|           1|           1|
    |or_ln340_2060_fu_2367_p2      |    or    |      0|  0|   2|           1|           1|
    |or_ln340_2061_fu_2452_p2      |    or    |      0|  0|   2|           1|           1|
    |or_ln340_2062_fu_2599_p2      |    or    |      0|  0|   2|           1|           1|
    |or_ln340_2063_fu_2617_p2      |    or    |      0|  0|   2|           1|           1|
    |or_ln340_2064_fu_2707_p2      |    or    |      0|  0|   2|           1|           1|
    |or_ln340_2065_fu_1190_p2      |    or    |      0|  0|   2|           1|           1|
    |or_ln340_2066_fu_1208_p2      |    or    |      0|  0|   2|           1|           1|
    |or_ln340_2067_fu_2791_p2      |    or    |      0|  0|   2|           1|           1|
    |or_ln340_2068_fu_2938_p2      |    or    |      0|  0|   2|           1|           1|
    |or_ln340_2069_fu_2956_p2      |    or    |      0|  0|   2|           1|           1|
    |or_ln340_2070_fu_3046_p2      |    or    |      0|  0|   2|           1|           1|
    |or_ln340_2071_fu_3135_p2      |    or    |      0|  0|   2|           1|           1|
    |or_ln340_2072_fu_3153_p2      |    or    |      0|  0|   2|           1|           1|
    |or_ln340_2073_fu_5240_p2      |    or    |      0|  0|   2|           1|           1|
    |or_ln340_2074_fu_3193_p2      |    or    |      0|  0|   2|           1|           1|
    |or_ln340_2075_fu_3208_p2      |    or    |      0|  0|   2|           1|           1|
    |or_ln340_2076_fu_3291_p2      |    or    |      0|  0|   2|           1|           1|
    |or_ln340_2077_fu_3410_p2      |    or    |      0|  0|   2|           1|           1|
    |or_ln340_2078_fu_3428_p2      |    or    |      0|  0|   2|           1|           1|
    |or_ln340_2079_fu_3518_p2      |    or    |      0|  0|   2|           1|           1|
    |or_ln340_2080_fu_5271_p2      |    or    |      0|  0|   2|           1|           1|
    |or_ln340_2081_fu_3620_p2      |    or    |      0|  0|   2|           1|           1|
    |or_ln340_2082_fu_5353_p2      |    or    |      0|  0|   2|           1|           1|
    |or_ln340_2083_fu_3636_p2      |    or    |      0|  0|   2|           1|           1|
    |or_ln340_2084_fu_3651_p2      |    or    |      0|  0|   2|           1|           1|
    |or_ln340_2085_fu_3734_p2      |    or    |      0|  0|   2|           1|           1|
    |or_ln340_2086_fu_3855_p2      |    or    |      0|  0|   2|           1|           1|
    |or_ln340_2087_fu_3873_p2      |    or    |      0|  0|   2|           1|           1|
    |or_ln340_2088_fu_3963_p2      |    or    |      0|  0|   2|           1|           1|
    |or_ln340_2089_fu_5384_p2      |    or    |      0|  0|   2|           1|           1|
    |or_ln340_2090_fu_4060_p2      |    or    |      0|  0|   2|           1|           1|
    |or_ln340_2091_fu_5466_p2      |    or    |      0|  0|   2|           1|           1|
    |or_ln340_2092_fu_4076_p2      |    or    |      0|  0|   2|           1|           1|
    |or_ln340_2093_fu_4091_p2      |    or    |      0|  0|   2|           1|           1|
    |or_ln340_2094_fu_4174_p2      |    or    |      0|  0|   2|           1|           1|
    |or_ln340_2095_fu_4214_p2      |    or    |      0|  0|   2|           1|           1|
    |or_ln340_2096_fu_4229_p2      |    or    |      0|  0|   2|           1|           1|
    |or_ln340_2097_fu_4316_p2      |    or    |      0|  0|   2|           1|           1|
    |or_ln340_2098_fu_5500_p2      |    or    |      0|  0|   2|           1|           1|
    |or_ln340_2099_fu_4426_p2      |    or    |      0|  0|   2|           1|           1|
    |or_ln340_2100_fu_5584_p2      |    or    |      0|  0|   2|           1|           1|
    |or_ln340_2101_fu_1505_p2      |    or    |      0|  0|   2|           1|           1|
    |or_ln340_2102_fu_1523_p2      |    or    |      0|  0|   2|           1|           1|
    |or_ln340_2103_fu_1609_p2      |    or    |      0|  0|   2|           1|           1|
    |or_ln340_2104_fu_4445_p2      |    or    |      0|  0|   2|           1|           1|
    |or_ln340_2105_fu_4460_p2      |    or    |      0|  0|   2|           1|           1|
    |or_ln340_2106_fu_4547_p2      |    or    |      0|  0|   2|           1|           1|
    |or_ln340_2107_fu_4683_p2      |    or    |      0|  0|   2|           1|           1|
    |or_ln340_2108_fu_4701_p2      |    or    |      0|  0|   2|           1|           1|
    |or_ln340_2109_fu_4791_p2      |    or    |      0|  0|   2|           1|           1|
    |or_ln340_2110_fu_1757_p2      |    or    |      0|  0|   2|           1|           1|
    |or_ln340_2111_fu_1775_p2      |    or    |      0|  0|   2|           1|           1|
    |or_ln340_2112_fu_1861_p2      |    or    |      0|  0|   2|           1|           1|
    |or_ln340_2113_fu_4834_p2      |    or    |      0|  0|   2|           1|           1|
    |or_ln340_2114_fu_4849_p2      |    or    |      0|  0|   2|           1|           1|
    |or_ln340_2115_fu_4936_p2      |    or    |      0|  0|   2|           1|           1|
    |or_ln340_2116_fu_5046_p2      |    or    |      0|  0|   2|           1|           1|
    |or_ln340_2117_fu_5064_p2      |    or    |      0|  0|   2|           1|           1|
    |or_ln340_2118_fu_5154_p2      |    or    |      0|  0|   2|           1|           1|
    |or_ln340_2119_fu_627_p2       |    or    |      0|  0|   2|           1|           1|
    |or_ln340_2120_fu_1965_p2      |    or    |      0|  0|   2|           1|           1|
    |or_ln340_2121_fu_2216_p2      |    or    |      0|  0|   2|           1|           1|
    |or_ln340_2122_fu_929_p2       |    or    |      0|  0|   2|           1|           1|
    |or_ln340_2123_fu_2362_p2      |    or    |      0|  0|   2|           1|           1|
    |or_ln340_2124_fu_2611_p2      |    or    |      0|  0|   2|           1|           1|
    |or_ln340_2125_fu_1202_p2      |    or    |      0|  0|   2|           1|           1|
    |or_ln340_2126_fu_2950_p2      |    or    |      0|  0|   2|           1|           1|
    |or_ln340_2127_fu_3147_p2      |    or    |      0|  0|   2|           1|           1|
    |or_ln340_2128_fu_3203_p2      |    or    |      0|  0|   2|           1|           1|
    |or_ln340_2129_fu_3422_p2      |    or    |      0|  0|   2|           1|           1|
    |or_ln340_2130_fu_3614_p2      |    or    |      0|  0|   2|           1|           1|
    |or_ln340_2131_fu_3646_p2      |    or    |      0|  0|   2|           1|           1|
    |or_ln340_2132_fu_3867_p2      |    or    |      0|  0|   2|           1|           1|
    |or_ln340_2133_fu_4054_p2      |    or    |      0|  0|   2|           1|           1|
    |or_ln340_2134_fu_4086_p2      |    or    |      0|  0|   2|           1|           1|
    |or_ln340_2135_fu_4224_p2      |    or    |      0|  0|   2|           1|           1|
    |or_ln340_2136_fu_4420_p2      |    or    |      0|  0|   2|           1|           1|
    |or_ln340_2137_fu_1517_p2      |    or    |      0|  0|   2|           1|           1|
    |or_ln340_2138_fu_4455_p2      |    or    |      0|  0|   2|           1|           1|
    |or_ln340_2139_fu_4695_p2      |    or    |      0|  0|   2|           1|           1|
    |or_ln340_2140_fu_1769_p2      |    or    |      0|  0|   2|           1|           1|
    |or_ln340_2141_fu_4844_p2      |    or    |      0|  0|   2|           1|           1|
    |or_ln340_2142_fu_5058_p2      |    or    |      0|  0|   2|           1|           1|
    |or_ln340_fu_615_p2            |    or    |      0|  0|   2|           1|           1|
    |or_ln785_512_fu_771_p2        |    or    |      0|  0|  23|          23|          23|
    |or_ln785_513_fu_2152_p2       |    or    |      0|  0|  21|          21|          21|
    |or_ln785_514_fu_865_p2        |    or    |      0|  0|  23|          23|          23|
    |or_ln785_515_fu_1058_p2       |    or    |      0|  0|  24|          24|          24|
    |or_ln785_516_fu_2547_p2       |    or    |      0|  0|  24|          24|          24|
    |or_ln785_517_fu_1138_p2       |    or    |      0|  0|  23|          23|          23|
    |or_ln785_518_fu_2886_p2       |    or    |      0|  0|  22|          22|          22|
    |or_ln785_519_fu_3083_p2       |    or    |      0|  0|  17|          17|          17|
    |or_ln785_520_fu_1248_p2       |    or    |      0|  0|  24|          24|          24|
    |or_ln785_521_fu_3358_p2       |    or    |      0|  0|  22|          22|          22|
    |or_ln785_522_fu_3558_p2       |    or    |      0|  0|  24|          24|          24|
    |or_ln785_523_fu_1296_p2       |    or    |      0|  0|  24|          24|          24|
    |or_ln785_524_fu_3803_p2       |    or    |      0|  0|  22|          22|          22|
    |or_ln785_525_fu_4000_p2       |    or    |      0|  0|  24|          24|          24|
    |or_ln785_526_fu_1344_p2       |    or    |      0|  0|  24|          24|          24|
    |or_ln785_527_fu_1389_p2       |    or    |      0|  0|  24|          24|          24|
    |or_ln785_528_fu_4364_p2       |    or    |      0|  0|  22|          22|          22|
    |or_ln785_529_fu_1453_p2       |    or    |      0|  0|  22|          22|          22|
    |or_ln785_530_fu_1649_p2       |    or    |      0|  0|  23|          23|          23|
    |or_ln785_531_fu_4631_p2       |    or    |      0|  0|  22|          22|          22|
    |or_ln785_532_fu_1705_p2       |    or    |      0|  0|  21|          21|          21|
    |or_ln785_533_fu_1901_p2       |    or    |      0|  0|  23|          23|          23|
    |or_ln785_534_fu_4994_p2       |    or    |      0|  0|  23|          23|          23|
    |or_ln785_fu_563_p2            |    or    |      0|  0|  22|          22|          22|
    |acc_0_V_63_fu_733_p3          |  select  |      0|  0|  25|           1|          25|
    |acc_0_V_65_fu_2071_p3         |  select  |      0|  0|  25|           1|          25|
    |acc_0_V_67_fu_2326_p3         |  select  |      0|  0|  25|           1|          25|
    |acc_1_V_63_fu_1035_p3         |  select  |      0|  0|  25|           1|          25|
    |acc_1_V_65_fu_2466_p3         |  select  |      0|  0|  25|           1|          25|
    |acc_1_V_67_fu_2721_p3         |  select  |      0|  0|  25|           1|          25|
    |acc_2_V_63_fu_2805_p3         |  select  |      0|  0|  25|           1|          25|
    |acc_2_V_65_fu_3060_p3         |  select  |      0|  0|  25|           1|          25|
    |acc_2_V_67_fu_5254_p3         |  select  |      0|  0|  25|           1|          25|
    |acc_3_V_63_fu_3305_p3         |  select  |      0|  0|  25|           1|          25|
    |acc_3_V_65_fu_3532_p3         |  select  |      0|  0|  25|           1|          25|
    |acc_3_V_67_fu_5367_p3         |  select  |      0|  0|  25|           1|          25|
    |acc_4_V_63_fu_3748_p3         |  select  |      0|  0|  25|           1|          25|
    |acc_4_V_65_fu_3977_p3         |  select  |      0|  0|  25|           1|          25|
    |acc_4_V_67_fu_5480_p3         |  select  |      0|  0|  25|           1|          25|
    |acc_5_V_63_fu_4188_p3         |  select  |      0|  0|  25|           1|          25|
    |acc_5_V_65_fu_4330_p3         |  select  |      0|  0|  25|           1|          25|
    |acc_5_V_67_fu_5598_p3         |  select  |      0|  0|  25|           1|          25|
    |acc_6_V_63_fu_1623_p3         |  select  |      0|  0|  25|           1|          25|
    |acc_6_V_65_fu_4561_p3         |  select  |      0|  0|  25|           1|          25|
    |acc_6_V_67_fu_4805_p3         |  select  |      0|  0|  25|           1|          25|
    |acc_7_V_63_fu_1875_p3         |  select  |      0|  0|  25|           1|          25|
    |acc_7_V_65_fu_4950_p3         |  select  |      0|  0|  25|           1|          25|
    |acc_7_V_67_fu_5168_p3         |  select  |      0|  0|  25|           1|          25|
    |res_V_data_2_V_din            |  select  |      0|  0|  24|           1|          24|
    |res_V_data_3_V_din            |  select  |      0|  0|  24|           1|          24|
    |res_V_data_4_V_din            |  select  |      0|  0|  24|           1|          24|
    |res_V_data_5_V_din            |  select  |      0|  0|  24|           1|          24|
    |select_ln180_fu_423_p3        |  select  |      0|  0|  16|           1|          16|
    |select_ln340_1024_fu_725_p3   |  select  |      0|  0|  24|           1|          23|
    |select_ln340_1025_fu_1975_p3  |  select  |      0|  0|  24|           1|          23|
    |select_ln340_1026_fu_2063_p3  |  select  |      0|  0|  24|           1|          23|
    |select_ln340_1027_fu_2228_p3  |  select  |      0|  0|  24|           1|          23|
    |select_ln340_1028_fu_2318_p3  |  select  |      0|  0|  24|           1|          23|
    |select_ln340_1029_fu_941_p3   |  select  |      0|  0|  24|           1|          23|
    |select_ln340_1030_fu_1027_p3  |  select  |      0|  0|  24|           1|          23|
    |select_ln340_1031_fu_2372_p3  |  select  |      0|  0|  24|           1|          23|
    |select_ln340_1032_fu_2458_p3  |  select  |      0|  0|  24|           1|          23|
    |select_ln340_1033_fu_2623_p3  |  select  |      0|  0|  24|           1|          23|
    |select_ln340_1034_fu_2713_p3  |  select  |      0|  0|  24|           1|          23|
    |select_ln340_1035_fu_1214_p3  |  select  |      0|  0|  24|           1|          23|
    |select_ln340_1036_fu_2797_p3  |  select  |      0|  0|  24|           1|          23|
    |select_ln340_1037_fu_2962_p3  |  select  |      0|  0|  24|           1|          23|
    |select_ln340_1038_fu_3052_p3  |  select  |      0|  0|  24|           1|          23|
    |select_ln340_1039_fu_3159_p3  |  select  |      0|  0|  24|           1|          23|
    |select_ln340_1040_fu_5246_p3  |  select  |      0|  0|  24|           1|          23|
    |select_ln340_1041_fu_3213_p3  |  select  |      0|  0|  24|           1|          23|
    |select_ln340_1042_fu_3297_p3  |  select  |      0|  0|  24|           1|          23|
    |select_ln340_1043_fu_3434_p3  |  select  |      0|  0|  24|           1|          23|
    |select_ln340_1044_fu_3524_p3  |  select  |      0|  0|  24|           1|          23|
    |select_ln340_1045_fu_5275_p3  |  select  |      0|  0|  24|           1|          23|
    |select_ln340_1046_fu_5359_p3  |  select  |      0|  0|  24|           1|          23|
    |select_ln340_1047_fu_3656_p3  |  select  |      0|  0|  24|           1|          23|
    |select_ln340_1048_fu_3740_p3  |  select  |      0|  0|  24|           1|          23|
    |select_ln340_1049_fu_3879_p3  |  select  |      0|  0|  24|           1|          23|
    |select_ln340_1050_fu_3969_p3  |  select  |      0|  0|  24|           1|          23|
    |select_ln340_1051_fu_5388_p3  |  select  |      0|  0|  24|           1|          23|
    |select_ln340_1052_fu_5472_p3  |  select  |      0|  0|  24|           1|          23|
    |select_ln340_1053_fu_4096_p3  |  select  |      0|  0|  24|           1|          23|
    |select_ln340_1054_fu_4180_p3  |  select  |      0|  0|  24|           1|          23|
    |select_ln340_1055_fu_4234_p3  |  select  |      0|  0|  24|           1|          23|
    |select_ln340_1056_fu_4322_p3  |  select  |      0|  0|  24|           1|          23|
    |select_ln340_1057_fu_5504_p3  |  select  |      0|  0|  24|           1|          23|
    |select_ln340_1058_fu_5590_p3  |  select  |      0|  0|  24|           1|          23|
    |select_ln340_1059_fu_1529_p3  |  select  |      0|  0|  24|           1|          23|
    |select_ln340_1060_fu_1615_p3  |  select  |      0|  0|  24|           1|          23|
    |select_ln340_1061_fu_4465_p3  |  select  |      0|  0|  24|           1|          23|
    |select_ln340_1062_fu_4553_p3  |  select  |      0|  0|  24|           1|          23|
    |select_ln340_1063_fu_4707_p3  |  select  |      0|  0|  24|           1|          23|
    |select_ln340_1064_fu_4797_p3  |  select  |      0|  0|  24|           1|          23|
    |select_ln340_1065_fu_1781_p3  |  select  |      0|  0|  24|           1|          23|
    |select_ln340_1066_fu_1867_p3  |  select  |      0|  0|  24|           1|          23|
    |select_ln340_1067_fu_4854_p3  |  select  |      0|  0|  24|           1|          23|
    |select_ln340_1068_fu_4942_p3  |  select  |      0|  0|  24|           1|          23|
    |select_ln340_1069_fu_5070_p3  |  select  |      0|  0|  24|           1|          23|
    |select_ln340_1070_fu_5160_p3  |  select  |      0|  0|  24|           1|          23|
    |select_ln340_2048_fu_655_p3   |  select  |      0|  0|  24|           1|          24|
    |select_ln340_2049_fu_741_p3   |  select  |      0|  0|  24|           1|          24|
    |select_ln340_2050_fu_1991_p3  |  select  |      0|  0|  24|           1|          24|
    |select_ln340_2051_fu_2079_p3  |  select  |      0|  0|  24|           1|          24|
    |select_ln340_2052_fu_2244_p3  |  select  |      0|  0|  24|           1|          24|
    |select_ln340_2054_fu_957_p3   |  select  |      0|  0|  24|           1|          24|
    |select_ln340_2055_fu_1043_p3  |  select  |      0|  0|  24|           1|          24|
    |select_ln340_2056_fu_2386_p3  |  select  |      0|  0|  24|           1|          24|
    |select_ln340_2057_fu_2474_p3  |  select  |      0|  0|  24|           1|          24|
    |select_ln340_2058_fu_2639_p3  |  select  |      0|  0|  24|           1|          24|
    |select_ln340_2060_fu_1230_p3  |  select  |      0|  0|  24|           1|          24|
    |select_ln340_2061_fu_2813_p3  |  select  |      0|  0|  24|           1|          24|
    |select_ln340_2062_fu_2978_p3  |  select  |      0|  0|  24|           1|          24|
    |select_ln340_2063_fu_3068_p3  |  select  |      0|  0|  24|           1|          24|
    |select_ln340_2064_fu_3175_p3  |  select  |      0|  0|  24|           1|          24|
    |select_ln340_2066_fu_3227_p3  |  select  |      0|  0|  24|           1|          24|
    |select_ln340_2067_fu_3313_p3  |  select  |      0|  0|  24|           1|          24|
    |select_ln340_2068_fu_3450_p3  |  select  |      0|  0|  24|           1|          24|
    |select_ln340_2069_fu_3540_p3  |  select  |      0|  0|  24|           1|          24|
    |select_ln340_2070_fu_5288_p3  |  select  |      0|  0|  24|           1|          24|
    |select_ln340_2072_fu_3670_p3  |  select  |      0|  0|  24|           1|          24|
    |select_ln340_2073_fu_3756_p3  |  select  |      0|  0|  24|           1|          24|
    |select_ln340_2074_fu_3895_p3  |  select  |      0|  0|  24|           1|          24|
    |select_ln340_2075_fu_3985_p3  |  select  |      0|  0|  24|           1|          24|
    |select_ln340_2076_fu_5401_p3  |  select  |      0|  0|  24|           1|          24|
    |select_ln340_2078_fu_4110_p3  |  select  |      0|  0|  24|           1|          24|
    |select_ln340_2079_fu_4196_p3  |  select  |      0|  0|  24|           1|          24|
    |select_ln340_2080_fu_4248_p3  |  select  |      0|  0|  24|           1|          24|
    |select_ln340_2081_fu_4338_p3  |  select  |      0|  0|  24|           1|          24|
    |select_ln340_2082_fu_5519_p3  |  select  |      0|  0|  24|           1|          24|
    |select_ln340_2084_fu_1545_p3  |  select  |      0|  0|  24|           1|          24|
    |select_ln340_2085_fu_1631_p3  |  select  |      0|  0|  24|           1|          24|
    |select_ln340_2086_fu_4481_p3  |  select  |      0|  0|  24|           1|          24|
    |select_ln340_2087_fu_4569_p3  |  select  |      0|  0|  24|           1|          24|
    |select_ln340_2088_fu_4723_p3  |  select  |      0|  0|  24|           1|          24|
    |select_ln340_2090_fu_1797_p3  |  select  |      0|  0|  24|           1|          24|
    |select_ln340_2091_fu_1883_p3  |  select  |      0|  0|  24|           1|          24|
    |select_ln340_2092_fu_4870_p3  |  select  |      0|  0|  24|           1|          24|
    |select_ln340_2093_fu_4958_p3  |  select  |      0|  0|  24|           1|          24|
    |select_ln340_2094_fu_5086_p3  |  select  |      0|  0|  24|           1|          24|
    |select_ln340_fu_639_p3        |  select  |      0|  0|  24|           1|          23|
    |select_ln388_1025_fu_1983_p3  |  select  |      0|  0|  25|           1|          25|
    |select_ln388_1027_fu_2236_p3  |  select  |      0|  0|  25|           1|          25|
    |select_ln388_1029_fu_949_p3   |  select  |      0|  0|  25|           1|          25|
    |select_ln388_1031_fu_2379_p3  |  select  |      0|  0|  25|           1|          25|
    |select_ln388_1033_fu_2631_p3  |  select  |      0|  0|  25|           1|          25|
    |select_ln388_1035_fu_1222_p3  |  select  |      0|  0|  25|           1|          25|
    |select_ln388_1037_fu_2970_p3  |  select  |      0|  0|  25|           1|          25|
    |select_ln388_1039_fu_3167_p3  |  select  |      0|  0|  25|           1|          25|
    |select_ln388_1041_fu_3220_p3  |  select  |      0|  0|  25|           1|          25|
    |select_ln388_1043_fu_3442_p3  |  select  |      0|  0|  25|           1|          25|
    |select_ln388_1045_fu_5282_p3  |  select  |      0|  0|  25|           1|          25|
    |select_ln388_1047_fu_3663_p3  |  select  |      0|  0|  25|           1|          25|
    |select_ln388_1049_fu_3887_p3  |  select  |      0|  0|  25|           1|          25|
    |select_ln388_1051_fu_5395_p3  |  select  |      0|  0|  25|           1|          25|
    |select_ln388_1053_fu_4103_p3  |  select  |      0|  0|  25|           1|          25|
    |select_ln388_1055_fu_4241_p3  |  select  |      0|  0|  25|           1|          25|
    |select_ln388_1057_fu_5512_p3  |  select  |      0|  0|  25|           1|          25|
    |select_ln388_1059_fu_1537_p3  |  select  |      0|  0|  25|           1|          25|
    |select_ln388_1061_fu_4473_p3  |  select  |      0|  0|  25|           1|          25|
    |select_ln388_1063_fu_4715_p3  |  select  |      0|  0|  25|           1|          25|
    |select_ln388_1065_fu_1789_p3  |  select  |      0|  0|  25|           1|          25|
    |select_ln388_1067_fu_4862_p3  |  select  |      0|  0|  25|           1|          25|
    |select_ln388_1069_fu_5078_p3  |  select  |      0|  0|  25|           1|          25|
    |select_ln388_fu_647_p3        |  select  |      0|  0|  25|           1|          25|
    |select_ln391_fu_5636_p3       |  select  |      0|  0|  31|           1|           2|
    |tmp_data_0_V_19_fu_2334_p3    |  select  |      0|  0|  24|           1|          24|
    |tmp_data_1_V_fu_2729_p3       |  select  |      0|  0|  24|           1|          24|
    |tmp_data_6_V_fu_4813_p3       |  select  |      0|  0|  24|           1|          24|
    |tmp_data_7_V_fu_5176_p3       |  select  |      0|  0|  24|           1|          24|
    |xor_ln340_1024_fu_707_p2      |    xor   |      0|  0|   2|           1|           1|
    |xor_ln340_1025_fu_2045_p2     |    xor   |      0|  0|   2|           1|           1|
    |xor_ln340_1026_fu_2300_p2     |    xor   |      0|  0|   2|           1|           1|
    |xor_ln340_1027_fu_1009_p2     |    xor   |      0|  0|   2|           1|           1|
    |xor_ln340_1028_fu_2440_p2     |    xor   |      0|  0|   2|           1|           1|
    |xor_ln340_1029_fu_2695_p2     |    xor   |      0|  0|   2|           1|           1|
    |xor_ln340_1030_fu_2779_p2     |    xor   |      0|  0|   2|           1|           1|
    |xor_ln340_1031_fu_3034_p2     |    xor   |      0|  0|   2|           1|           1|
    |xor_ln340_1032_fu_5228_p2     |    xor   |      0|  0|   2|           1|           1|
    |xor_ln340_1033_fu_3279_p2     |    xor   |      0|  0|   2|           1|           1|
    |xor_ln340_1034_fu_3506_p2     |    xor   |      0|  0|   2|           1|           1|
    |xor_ln340_1035_fu_5341_p2     |    xor   |      0|  0|   2|           1|           1|
    |xor_ln340_1036_fu_3722_p2     |    xor   |      0|  0|   2|           1|           1|
    |xor_ln340_1037_fu_3951_p2     |    xor   |      0|  0|   2|           1|           1|
    |xor_ln340_1038_fu_5454_p2     |    xor   |      0|  0|   2|           1|           1|
    |xor_ln340_1039_fu_4162_p2     |    xor   |      0|  0|   2|           1|           1|
    |xor_ln340_1040_fu_4304_p2     |    xor   |      0|  0|   2|           1|           1|
    |xor_ln340_1041_fu_5572_p2     |    xor   |      0|  0|   2|           1|           1|
    |xor_ln340_1042_fu_1597_p2     |    xor   |      0|  0|   2|           1|           1|
    |xor_ln340_1043_fu_4535_p2     |    xor   |      0|  0|   2|           1|           1|
    |xor_ln340_1044_fu_4779_p2     |    xor   |      0|  0|   2|           1|           1|
    |xor_ln340_1045_fu_1849_p2     |    xor   |      0|  0|   2|           1|           1|
    |xor_ln340_1046_fu_4924_p2     |    xor   |      0|  0|   2|           1|           1|
    |xor_ln340_1047_fu_5142_p2     |    xor   |      0|  0|   2|           1|           1|
    |xor_ln340_1048_fu_621_p2      |    xor   |      0|  0|   2|           1|           2|
    |xor_ln340_1049_fu_2210_p2     |    xor   |      0|  0|   2|           1|           2|
    |xor_ln340_1050_fu_923_p2      |    xor   |      0|  0|   2|           1|           2|
    |xor_ln340_1051_fu_2357_p2     |    xor   |      0|  0|   2|           1|           2|
    |xor_ln340_1052_fu_2605_p2     |    xor   |      0|  0|   2|           1|           2|
    |xor_ln340_1053_fu_1196_p2     |    xor   |      0|  0|   2|           1|           2|
    |xor_ln340_1054_fu_2944_p2     |    xor   |      0|  0|   2|           1|           2|
    |xor_ln340_1055_fu_3141_p2     |    xor   |      0|  0|   2|           1|           2|
    |xor_ln340_1056_fu_3198_p2     |    xor   |      0|  0|   2|           1|           2|
    |xor_ln340_1057_fu_3416_p2     |    xor   |      0|  0|   2|           1|           2|
    |xor_ln340_1058_fu_3608_p2     |    xor   |      0|  0|   2|           1|           2|
    |xor_ln340_1059_fu_3641_p2     |    xor   |      0|  0|   2|           1|           2|
    |xor_ln340_1060_fu_3861_p2     |    xor   |      0|  0|   2|           1|           2|
    |xor_ln340_1061_fu_4048_p2     |    xor   |      0|  0|   2|           1|           2|
    |xor_ln340_1062_fu_4081_p2     |    xor   |      0|  0|   2|           1|           2|
    |xor_ln340_1063_fu_4219_p2     |    xor   |      0|  0|   2|           1|           2|
    |xor_ln340_1064_fu_4414_p2     |    xor   |      0|  0|   2|           1|           2|
    |xor_ln340_1065_fu_1511_p2     |    xor   |      0|  0|   2|           1|           2|
    |xor_ln340_1066_fu_4450_p2     |    xor   |      0|  0|   2|           1|           2|
    |xor_ln340_1067_fu_4689_p2     |    xor   |      0|  0|   2|           1|           2|
    |xor_ln340_1068_fu_1763_p2     |    xor   |      0|  0|   2|           1|           2|
    |xor_ln340_1069_fu_4839_p2     |    xor   |      0|  0|   2|           1|           2|
    |xor_ln340_1070_fu_5052_p2     |    xor   |      0|  0|   2|           1|           2|
    |xor_ln340_512_fu_713_p2       |    xor   |      0|  0|   2|           1|           2|
    |xor_ln340_514_fu_2051_p2      |    xor   |      0|  0|   2|           1|           2|
    |xor_ln340_516_fu_2306_p2      |    xor   |      0|  0|   2|           1|           2|
    |xor_ln340_518_fu_1015_p2      |    xor   |      0|  0|   2|           1|           2|
    |xor_ln340_520_fu_2446_p2      |    xor   |      0|  0|   2|           1|           2|
    |xor_ln340_522_fu_2701_p2      |    xor   |      0|  0|   2|           1|           2|
    |xor_ln340_524_fu_2785_p2      |    xor   |      0|  0|   2|           1|           2|
    |xor_ln340_526_fu_3040_p2      |    xor   |      0|  0|   2|           1|           2|
    |xor_ln340_528_fu_5234_p2      |    xor   |      0|  0|   2|           1|           2|
    |xor_ln340_530_fu_3285_p2      |    xor   |      0|  0|   2|           1|           2|
    |xor_ln340_532_fu_3512_p2      |    xor   |      0|  0|   2|           1|           2|
    |xor_ln340_534_fu_5347_p2      |    xor   |      0|  0|   2|           1|           2|
    |xor_ln340_536_fu_3728_p2      |    xor   |      0|  0|   2|           1|           2|
    |xor_ln340_538_fu_3957_p2      |    xor   |      0|  0|   2|           1|           2|
    |xor_ln340_540_fu_5460_p2      |    xor   |      0|  0|   2|           1|           2|
    |xor_ln340_542_fu_4168_p2      |    xor   |      0|  0|   2|           1|           2|
    |xor_ln340_544_fu_4310_p2      |    xor   |      0|  0|   2|           1|           2|
    |xor_ln340_546_fu_5578_p2      |    xor   |      0|  0|   2|           1|           2|
    |xor_ln340_548_fu_1603_p2      |    xor   |      0|  0|   2|           1|           2|
    |xor_ln340_550_fu_4541_p2      |    xor   |      0|  0|   2|           1|           2|
    |xor_ln340_552_fu_4785_p2      |    xor   |      0|  0|   2|           1|           2|
    |xor_ln340_554_fu_1855_p2      |    xor   |      0|  0|   2|           1|           2|
    |xor_ln340_556_fu_4930_p2      |    xor   |      0|  0|   2|           1|           2|
    |xor_ln340_558_fu_5148_p2      |    xor   |      0|  0|   2|           1|           2|
    |xor_ln340_fu_1960_p2          |    xor   |      0|  0|   2|           1|           2|
    |xor_ln785_512_fu_784_p2       |    xor   |      0|  0|   2|           1|           2|
    |xor_ln785_513_fu_2166_p2      |    xor   |      0|  0|   2|           1|           2|
    |xor_ln785_514_fu_879_p2       |    xor   |      0|  0|   2|           1|           2|
    |xor_ln785_515_fu_1070_p2      |    xor   |      0|  0|   2|           1|           2|
    |xor_ln785_516_fu_2561_p2      |    xor   |      0|  0|   2|           1|           2|
    |xor_ln785_517_fu_1152_p2      |    xor   |      0|  0|   2|           1|           2|
    |xor_ln785_518_fu_2900_p2      |    xor   |      0|  0|   2|           1|           2|
    |xor_ln785_519_fu_3097_p2      |    xor   |      0|  0|   2|           1|           2|
    |xor_ln785_520_fu_1261_p2      |    xor   |      0|  0|   2|           1|           2|
    |xor_ln785_521_fu_3372_p2      |    xor   |      0|  0|   2|           1|           2|
    |xor_ln785_522_fu_3571_p2      |    xor   |      0|  0|   2|           1|           2|
    |xor_ln785_523_fu_1309_p2      |    xor   |      0|  0|   2|           1|           2|
    |xor_ln785_524_fu_3817_p2      |    xor   |      0|  0|   2|           1|           2|
    |xor_ln785_525_fu_4012_p2      |    xor   |      0|  0|   2|           1|           2|
    |xor_ln785_526_fu_1357_p2      |    xor   |      0|  0|   2|           1|           2|
    |xor_ln785_527_fu_1401_p2      |    xor   |      0|  0|   2|           1|           2|
    |xor_ln785_528_fu_4377_p2      |    xor   |      0|  0|   2|           1|           2|
    |xor_ln785_529_fu_1467_p2      |    xor   |      0|  0|   2|           1|           2|
    |xor_ln785_530_fu_1662_p2      |    xor   |      0|  0|   2|           1|           2|
    |xor_ln785_531_fu_4645_p2      |    xor   |      0|  0|   2|           1|           2|
    |xor_ln785_532_fu_1719_p2      |    xor   |      0|  0|   2|           1|           2|
    |xor_ln785_533_fu_1914_p2      |    xor   |      0|  0|   2|           1|           2|
    |xor_ln785_534_fu_5008_p2      |    xor   |      0|  0|   2|           1|           2|
    |xor_ln785_fu_577_p2           |    xor   |      0|  0|   2|           1|           2|
    |xor_ln786_1024_fu_2033_p2     |    xor   |      0|  0|   2|           1|           2|
    |xor_ln786_1025_fu_2288_p2     |    xor   |      0|  0|   2|           1|           2|
    |xor_ln786_1026_fu_997_p2      |    xor   |      0|  0|   2|           1|           2|
    |xor_ln786_1027_fu_2428_p2     |    xor   |      0|  0|   2|           1|           2|
    |xor_ln786_1028_fu_2683_p2     |    xor   |      0|  0|   2|           1|           2|
    |xor_ln786_1029_fu_2767_p2     |    xor   |      0|  0|   2|           1|           2|
    |xor_ln786_1030_fu_3022_p2     |    xor   |      0|  0|   2|           1|           2|
    |xor_ln786_1031_fu_5216_p2     |    xor   |      0|  0|   2|           1|           2|
    |xor_ln786_1032_fu_3267_p2     |    xor   |      0|  0|   2|           1|           2|
    |xor_ln786_1033_fu_3494_p2     |    xor   |      0|  0|   2|           1|           2|
    |xor_ln786_1034_fu_5329_p2     |    xor   |      0|  0|   2|           1|           2|
    |xor_ln786_1035_fu_3710_p2     |    xor   |      0|  0|   2|           1|           2|
    |xor_ln786_1036_fu_3939_p2     |    xor   |      0|  0|   2|           1|           2|
    |xor_ln786_1037_fu_5442_p2     |    xor   |      0|  0|   2|           1|           2|
    |xor_ln786_1038_fu_4150_p2     |    xor   |      0|  0|   2|           1|           2|
    |xor_ln786_1039_fu_4292_p2     |    xor   |      0|  0|   2|           1|           2|
    |xor_ln786_1040_fu_5560_p2     |    xor   |      0|  0|   2|           1|           2|
    |xor_ln786_1041_fu_1585_p2     |    xor   |      0|  0|   2|           1|           2|
    |xor_ln786_1042_fu_4523_p2     |    xor   |      0|  0|   2|           1|           2|
    |xor_ln786_1043_fu_4767_p2     |    xor   |      0|  0|   2|           1|           2|
    |xor_ln786_1044_fu_1837_p2     |    xor   |      0|  0|   2|           1|           2|
    |xor_ln786_1045_fu_4912_p2     |    xor   |      0|  0|   2|           1|           2|
    |xor_ln786_1046_fu_5130_p2     |    xor   |      0|  0|   2|           1|           2|
    |xor_ln786_1047_fu_603_p2      |    xor   |      0|  0|   2|           1|           2|
    |xor_ln786_1048_fu_1945_p2     |    xor   |      0|  0|   2|           1|           2|
    |xor_ln786_1049_fu_2192_p2     |    xor   |      0|  0|   2|           1|           2|
    |xor_ln786_1050_fu_905_p2      |    xor   |      0|  0|   2|           1|           2|
    |xor_ln786_1051_fu_2342_p2     |    xor   |      0|  0|   2|           1|           2|
    |xor_ln786_1052_fu_2587_p2     |    xor   |      0|  0|   2|           1|           2|
    |xor_ln786_1053_fu_1178_p2     |    xor   |      0|  0|   2|           1|           2|
    |xor_ln786_1054_fu_2926_p2     |    xor   |      0|  0|   2|           1|           2|
    |xor_ln786_1055_fu_3123_p2     |    xor   |      0|  0|   2|           1|           2|
    |xor_ln786_1056_fu_3183_p2     |    xor   |      0|  0|   2|           1|           2|
    |xor_ln786_1057_fu_3398_p2     |    xor   |      0|  0|   2|           1|           2|
    |xor_ln786_1058_fu_3596_p2     |    xor   |      0|  0|   2|           1|           2|
    |xor_ln786_1059_fu_3626_p2     |    xor   |      0|  0|   2|           1|           2|
    |xor_ln786_1060_fu_3843_p2     |    xor   |      0|  0|   2|           1|           2|
    |xor_ln786_1061_fu_4036_p2     |    xor   |      0|  0|   2|           1|           2|
    |xor_ln786_1062_fu_4066_p2     |    xor   |      0|  0|   2|           1|           2|
    |xor_ln786_1063_fu_4204_p2     |    xor   |      0|  0|   2|           1|           2|
    |xor_ln786_1064_fu_4402_p2     |    xor   |      0|  0|   2|           1|           2|
    |xor_ln786_1065_fu_1493_p2     |    xor   |      0|  0|   2|           1|           2|
    |xor_ln786_1066_fu_4435_p2     |    xor   |      0|  0|   2|           1|           2|
    |xor_ln786_1067_fu_4671_p2     |    xor   |      0|  0|   2|           1|           2|
    |xor_ln786_1068_fu_1745_p2     |    xor   |      0|  0|   2|           1|           2|
    |xor_ln786_1069_fu_4824_p2     |    xor   |      0|  0|   2|           1|           2|
    |xor_ln786_1070_fu_5034_p2     |    xor   |      0|  0|   2|           1|           2|
    |xor_ln786_fu_695_p2           |    xor   |      0|  0|   2|           1|           2|
    +------------------------------+----------+-------+---+----+------------+------------+
    |Total                         |          |      0|  0|7659|        3024|        6734|
    +------------------------------+----------+-------+---+----+------------+------------+

    * Multiplexer: 
    +-----------------------------------------+----+-----------+-----+-----------+
    |                   Name                  | LUT| Input Size| Bits| Total Bits|
    +-----------------------------------------+----+-----------+-----+-----------+
    |ap_NS_fsm                                |  38|          7|    1|          7|
    |ap_done                                  |   9|          2|    1|          2|
    |ap_phi_mux_storemerge_i_i_phi_fu_386_p4  |  15|          3|   32|         96|
    |data_V_data_V_blk_n                      |   9|          2|    1|          2|
    |i_iw_0_i1_reg_360                        |   9|          2|    7|         14|
    |i_iw_0_i_i_i_reg_372                     |   9|          2|    2|          4|
    |pX                                       |   9|          2|   32|         64|
    |real_start                               |   9|          2|    1|          2|
    |res_V_data_0_V_blk_n                     |   9|          2|    1|          2|
    |res_V_data_1_V_blk_n                     |   9|          2|    1|          2|
    |res_V_data_2_V_blk_n                     |   9|          2|    1|          2|
    |res_V_data_3_V_blk_n                     |   9|          2|    1|          2|
    |res_V_data_4_V_blk_n                     |   9|          2|    1|          2|
    |res_V_data_5_V_blk_n                     |   9|          2|    1|          2|
    |res_V_data_6_V_blk_n                     |   9|          2|    1|          2|
    |res_V_data_7_V_blk_n                     |   9|          2|    1|          2|
    +-----------------------------------------+----+-----------+-----+-----------+
    |Total                                    | 179|         38|   85|        207|
    +-----------------------------------------+----+-----------+-----+-----------+

    * Register: 
    +-----------------------------------+----+----+-----+-----------+
    |                Name               | FF | LUT| Bits| Const Bits|
    +-----------------------------------+----+----+-----+-----------+
    |and_ln360_reg_5888                 |   1|   0|    1|          0|
    |and_ln785_512_reg_5919             |   1|   0|    1|          0|
    |and_ln785_515_reg_5949             |   1|   0|    1|          0|
    |and_ln785_520_reg_5979             |   1|   0|    1|          0|
    |and_ln785_522_reg_6155             |   1|   0|    1|          0|
    |and_ln785_523_reg_6003             |   1|   0|    1|          0|
    |and_ln785_525_reg_6183             |   1|   0|    1|          0|
    |and_ln785_526_reg_6027             |   1|   0|    1|          0|
    |and_ln785_527_reg_6051             |   1|   0|    1|          0|
    |and_ln785_528_reg_6210             |   1|   0|    1|          0|
    |and_ln785_530_reg_6080             |   1|   0|    1|          0|
    |and_ln785_533_reg_6109             |   1|   0|    1|          0|
    |and_ln786_1569_reg_6160            |   1|   0|    1|          0|
    |and_ln786_1578_reg_6188            |   1|   0|    1|          0|
    |and_ln786_1587_reg_6215            |   1|   0|    1|          0|
    |ap_CS_fsm                          |   6|   0|    6|          0|
    |ap_done_reg                        |   1|   0|    1|          0|
    |i_iw_0_i1_reg_360                  |   7|   0|    7|          0|
    |i_iw_0_i_i_i_reg_372               |   2|   0|    2|          0|
    |i_iw_1_reg_5856                    |   7|   0|    7|          0|
    |icmp_ln360_reg_5877                |   1|   0|    1|          0|
    |kernel_data_V_3_0                  |  16|   0|   16|          0|
    |kernel_data_V_3_1                  |  16|   0|   16|          0|
    |kernel_data_V_3_1_load_1_reg_5898  |  16|   0|   16|          0|
    |kernel_data_V_3_2                  |  16|   0|   16|          0|
    |kernel_data_V_3_2_load_reg_5851    |  16|   0|   16|          0|
    |mul_ln731_10_reg_6104              |  23|   0|   23|          0|
    |mul_ln731_1_reg_5943               |  24|   0|   24|          0|
    |mul_ln731_2_reg_5973               |  24|   0|   24|          0|
    |mul_ln731_3_reg_6149               |  24|   0|   24|          0|
    |mul_ln731_4_reg_5997               |  24|   0|   24|          0|
    |mul_ln731_5_reg_6177               |  24|   0|   24|          0|
    |mul_ln731_6_reg_6021               |  24|   0|   24|          0|
    |mul_ln731_7_reg_6045               |  24|   0|   24|          0|
    |mul_ln731_8_reg_6205               |  22|   0|   22|          0|
    |mul_ln731_9_reg_6075               |  23|   0|   23|          0|
    |mul_ln731_reg_5914                 |  23|   0|   23|          0|
    |or_ln340_2081_reg_6166             |   1|   0|    1|          0|
    |or_ln340_2090_reg_6194             |   1|   0|    1|          0|
    |or_ln340_2099_reg_6221             |   1|   0|    1|          0|
    |pX                                 |  32|   0|   32|          0|
    |pX_load_reg_5882                   |  32|   0|   32|          0|
    |sX                                 |  32|   0|   32|          0|
    |sX_load_reg_5872                   |  32|   0|   32|          0|
    |select_ln340_2049_reg_5892         |  24|   0|   24|          0|
    |select_ln340_2055_reg_5931         |  24|   0|   24|          0|
    |select_ln340_2060_reg_5961         |  24|   0|   24|          0|
    |select_ln340_2063_reg_6131         |  24|   0|   24|          0|
    |select_ln340_2064_reg_6137         |  24|   0|   24|          0|
    |select_ln340_2069_reg_6143         |  24|   0|   24|          0|
    |select_ln340_2075_reg_6171         |  24|   0|   24|          0|
    |select_ln340_2081_reg_6199         |  24|   0|   24|          0|
    |select_ln340_2085_reg_6063         |  24|   0|   24|          0|
    |select_ln340_2091_reg_6092         |  24|   0|   24|          0|
    |start_once_reg                     |   1|   0|    1|          0|
    |tmp_4102_reg_5908                  |   1|   0|    1|          0|
    |tmp_4104_reg_5925                  |   1|   0|    1|          0|
    |tmp_4117_reg_5937                  |   1|   0|    1|          0|
    |tmp_4119_reg_5955                  |   1|   0|    1|          0|
    |tmp_4142_reg_5967                  |   1|   0|    1|          0|
    |tmp_4144_reg_5985                  |   1|   0|    1|          0|
    |tmp_4157_reg_5991                  |   1|   0|    1|          0|
    |tmp_4159_reg_6009                  |   1|   0|    1|          0|
    |tmp_4172_reg_6015                  |   1|   0|    1|          0|
    |tmp_4174_reg_6033                  |   1|   0|    1|          0|
    |tmp_4177_reg_6039                  |   1|   0|    1|          0|
    |tmp_4179_reg_6057                  |   1|   0|    1|          0|
    |tmp_4192_reg_6069                  |   1|   0|    1|          0|
    |tmp_4194_reg_6086                  |   1|   0|    1|          0|
    |tmp_4207_reg_6098                  |   1|   0|    1|          0|
    |tmp_4209_reg_6115                  |   1|   0|    1|          0|
    |tmp_data_0_V_19_reg_6121           |  24|   0|   24|          0|
    |tmp_data_0_V_reg_5833              |  16|   0|   16|          0|
    |tmp_data_1_V_reg_6126              |  24|   0|   24|          0|
    |tmp_data_6_V_reg_6226              |  24|   0|   24|          0|
    |tmp_data_7_V_reg_6231              |  24|   0|   24|          0|
    +-----------------------------------+----+----+-----+-----------+
    |Total                              | 878|   0|  878|          0|
    +-----------------------------------+----+----+-----+-----------+



================================================================
== Interface
================================================================
* Summary: 
+-----------------------+-----+-----+------------+----------------------------------------------------------------------------------+--------------+
|       RTL Ports       | Dir | Bits|  Protocol  |                                   Source Object                                  |    C Type    |
+-----------------------+-----+-----+------------+----------------------------------------------------------------------------------+--------------+
|ap_clk                 |  in |    1| ap_ctrl_hs | conv_1d_cl<array<ap_int<16>, 1u>, array<ap_fixed<24, 16, 0, 0, 0>, 8u>, config2> | return value |
|ap_rst                 |  in |    1| ap_ctrl_hs | conv_1d_cl<array<ap_int<16>, 1u>, array<ap_fixed<24, 16, 0, 0, 0>, 8u>, config2> | return value |
|ap_start               |  in |    1| ap_ctrl_hs | conv_1d_cl<array<ap_int<16>, 1u>, array<ap_fixed<24, 16, 0, 0, 0>, 8u>, config2> | return value |
|start_full_n           |  in |    1| ap_ctrl_hs | conv_1d_cl<array<ap_int<16>, 1u>, array<ap_fixed<24, 16, 0, 0, 0>, 8u>, config2> | return value |
|ap_done                | out |    1| ap_ctrl_hs | conv_1d_cl<array<ap_int<16>, 1u>, array<ap_fixed<24, 16, 0, 0, 0>, 8u>, config2> | return value |
|ap_continue            |  in |    1| ap_ctrl_hs | conv_1d_cl<array<ap_int<16>, 1u>, array<ap_fixed<24, 16, 0, 0, 0>, 8u>, config2> | return value |
|ap_idle                | out |    1| ap_ctrl_hs | conv_1d_cl<array<ap_int<16>, 1u>, array<ap_fixed<24, 16, 0, 0, 0>, 8u>, config2> | return value |
|ap_ready               | out |    1| ap_ctrl_hs | conv_1d_cl<array<ap_int<16>, 1u>, array<ap_fixed<24, 16, 0, 0, 0>, 8u>, config2> | return value |
|start_out              | out |    1| ap_ctrl_hs | conv_1d_cl<array<ap_int<16>, 1u>, array<ap_fixed<24, 16, 0, 0, 0>, 8u>, config2> | return value |
|start_write            | out |    1| ap_ctrl_hs | conv_1d_cl<array<ap_int<16>, 1u>, array<ap_fixed<24, 16, 0, 0, 0>, 8u>, config2> | return value |
|data_V_data_V_dout     |  in |   16|   ap_fifo  |                                   data_V_data_V                                  |    pointer   |
|data_V_data_V_empty_n  |  in |    1|   ap_fifo  |                                   data_V_data_V                                  |    pointer   |
|data_V_data_V_read     | out |    1|   ap_fifo  |                                   data_V_data_V                                  |    pointer   |
|res_V_data_0_V_din     | out |   24|   ap_fifo  |                                  res_V_data_0_V                                  |    pointer   |
|res_V_data_0_V_full_n  |  in |    1|   ap_fifo  |                                  res_V_data_0_V                                  |    pointer   |
|res_V_data_0_V_write   | out |    1|   ap_fifo  |                                  res_V_data_0_V                                  |    pointer   |
|res_V_data_1_V_din     | out |   24|   ap_fifo  |                                  res_V_data_1_V                                  |    pointer   |
|res_V_data_1_V_full_n  |  in |    1|   ap_fifo  |                                  res_V_data_1_V                                  |    pointer   |
|res_V_data_1_V_write   | out |    1|   ap_fifo  |                                  res_V_data_1_V                                  |    pointer   |
|res_V_data_2_V_din     | out |   24|   ap_fifo  |                                  res_V_data_2_V                                  |    pointer   |
|res_V_data_2_V_full_n  |  in |    1|   ap_fifo  |                                  res_V_data_2_V                                  |    pointer   |
|res_V_data_2_V_write   | out |    1|   ap_fifo  |                                  res_V_data_2_V                                  |    pointer   |
|res_V_data_3_V_din     | out |   24|   ap_fifo  |                                  res_V_data_3_V                                  |    pointer   |
|res_V_data_3_V_full_n  |  in |    1|   ap_fifo  |                                  res_V_data_3_V                                  |    pointer   |
|res_V_data_3_V_write   | out |    1|   ap_fifo  |                                  res_V_data_3_V                                  |    pointer   |
|res_V_data_4_V_din     | out |   24|   ap_fifo  |                                  res_V_data_4_V                                  |    pointer   |
|res_V_data_4_V_full_n  |  in |    1|   ap_fifo  |                                  res_V_data_4_V                                  |    pointer   |
|res_V_data_4_V_write   | out |    1|   ap_fifo  |                                  res_V_data_4_V                                  |    pointer   |
|res_V_data_5_V_din     | out |   24|   ap_fifo  |                                  res_V_data_5_V                                  |    pointer   |
|res_V_data_5_V_full_n  |  in |    1|   ap_fifo  |                                  res_V_data_5_V                                  |    pointer   |
|res_V_data_5_V_write   | out |    1|   ap_fifo  |                                  res_V_data_5_V                                  |    pointer   |
|res_V_data_6_V_din     | out |   24|   ap_fifo  |                                  res_V_data_6_V                                  |    pointer   |
|res_V_data_6_V_full_n  |  in |    1|   ap_fifo  |                                  res_V_data_6_V                                  |    pointer   |
|res_V_data_6_V_write   | out |    1|   ap_fifo  |                                  res_V_data_6_V                                  |    pointer   |
|res_V_data_7_V_din     | out |   24|   ap_fifo  |                                  res_V_data_7_V                                  |    pointer   |
|res_V_data_7_V_full_n  |  in |    1|   ap_fifo  |                                  res_V_data_7_V                                  |    pointer   |
|res_V_data_7_V_write   | out |    1|   ap_fifo  |                                  res_V_data_7_V                                  |    pointer   |
+-----------------------+-----+-----+------------+----------------------------------------------------------------------------------+--------------+

