

================================================================
== Vivado HLS Report for 'conv_1d_cl_array_ap_int_16_1u_array_ap_fixed_28_16_1_0_0_8u_config2_s'
================================================================
* Date:           Wed Aug  7 14:20:55 2024

* Version:        2020.1 (Build 2897737 on Wed May 27 20:21:37 MDT 2020)
* Project:        Encoder_prj
* Solution:       solution1
* Product family: virtexuplus
* Target device:  xcvu13p-flga2577-2-e


================================================================
== Performance Estimates
================================================================
+ Timing: 
    * Summary: 
    +--------+----------+----------+------------+
    |  Clock |  Target  | Estimated| Uncertainty|
    +--------+----------+----------+------------+
    |ap_clk  | 10.00 ns | 7.424 ns |   1.25 ns  |
    +--------+----------+----------+------------+

+ Latency: 
    * Summary: 
    +---------+---------+----------+----------+-----+-----+---------+
    |  Latency (cycles) |  Latency (absolute) |  Interval | Pipeline|
    |   min   |   max   |    min   |    max   | min | max |   Type  |
    +---------+---------+----------+----------+-----+-----+---------+
    |      134|      134| 1.340 us | 1.340 us |  134|  134|   none  |
    +---------+---------+----------+----------+-----+-----+---------+

    + Detail: 
        * Instance: 
        N/A

        * Loop: 
        +------------------+---------+---------+----------+-----------+-----------+------+----------+
        |                  |  Latency (cycles) | Iteration|  Initiation Interval  | Trip |          |
        |     Loop Name    |   min   |   max   |  Latency |  achieved |   target  | Count| Pipelined|
        +------------------+---------+---------+----------+-----------+-----------+------+----------+
        |- ReadInputWidth  |      132|      132|         2|          2|          1|    66|    yes   |
        +------------------+---------+---------+----------+-----------+-----------+------+----------+



================================================================
== Utilization Estimates
================================================================
* Summary: 
+---------------------+---------+-------+---------+---------+------+
|         Name        | BRAM_18K| DSP48E|    FF   |   LUT   | URAM |
+---------------------+---------+-------+---------+---------+------+
|DSP                  |        -|      -|        -|        -|     -|
|Expression           |        -|     24|        0|     8349|     -|
|FIFO                 |        -|      -|        -|        -|     -|
|Instance             |        -|      -|        -|        -|     -|
|Memory               |        -|      -|        -|        -|     -|
|Multiplexer          |        -|      -|        -|      699|     -|
|Register             |        -|      -|      475|        -|     -|
+---------------------+---------+-------+---------+---------+------+
|Total                |        0|     24|      475|     9048|     0|
+---------------------+---------+-------+---------+---------+------+
|Available SLR        |     1344|   3072|   864000|   432000|   320|
+---------------------+---------+-------+---------+---------+------+
|Utilization SLR (%)  |        0|   ~0  |    ~0   |        2|     0|
+---------------------+---------+-------+---------+---------+------+
|Available            |     5376|  12288|  3456000|  1728000|  1280|
+---------------------+---------+-------+---------+---------+------+
|Utilization (%)      |        0|   ~0  |    ~0   |    ~0   |     0|
+---------------------+---------+-------+---------+---------+------+

+ Detail: 
    * Instance: 
    N/A

    * DSP48E: 
    N/A

    * Memory: 
    N/A

    * FIFO: 
    N/A

    * Expression: 
    +------------------------------+----------+-------+---+----+------------+------------+
    |         Variable Name        | Operation| DSP48E| FF| LUT| Bitwidth P0| Bitwidth P1|
    +------------------------------+----------+-------+---+----+------------+------------+
    |grp_fu_427_p2                 |     *    |      1|  0|   5|          14|          16|
    |grp_fu_428_p2                 |     *    |      1|  0|   5|          12|          16|
    |grp_fu_429_p2                 |     *    |      1|  0|   5|          13|          16|
    |grp_fu_430_p2                 |     *    |      1|  0|   5|          12|          16|
    |grp_fu_431_p2                 |     *    |      1|  0|   5|          11|          16|
    |grp_fu_432_p2                 |     *    |      1|  0|   5|           9|          16|
    |grp_fu_433_p2                 |     *    |      1|  0|   5|          12|          16|
    |grp_fu_438_p2                 |     *    |      1|  0|   5|          10|          16|
    |grp_fu_439_p2                 |     *    |      1|  0|   5|          10|          16|
    |grp_fu_440_p2                 |     *    |      1|  0|   5|          12|          16|
    |grp_fu_441_p2                 |     *    |      1|  0|   5|          14|          16|
    |grp_fu_442_p2                 |     *    |      1|  0|   5|          10|          16|
    |grp_fu_443_p2                 |     *    |      1|  0|   5|          13|          16|
    |grp_fu_445_p2                 |     *    |      1|  0|   5|          11|          16|
    |grp_fu_446_p2                 |     *    |      1|  0|   5|          11|          16|
    |grp_fu_447_p2                 |     *    |      1|  0|   5|          12|          16|
    |grp_fu_449_p2                 |     *    |      1|  0|   5|          13|          16|
    |grp_fu_450_p2                 |     *    |      1|  0|   5|          11|          16|
    |mul_ln1118_875_fu_437_p2      |     *    |      1|  0|   5|           9|          16|
    |mul_ln1118_879_fu_436_p2      |     *    |      1|  0|   5|           9|          16|
    |mul_ln731_2_fu_434_p2         |     *    |      1|  0|   5|          11|          16|
    |mul_ln731_6_fu_448_p2         |     *    |      1|  0|   5|          10|          16|
    |mul_ln731_7_fu_435_p2         |     *    |      1|  0|   5|          11|          16|
    |mul_ln731_8_fu_444_p2         |     *    |      1|  0|   5|          13|          16|
    |acc_0_V_2_fu_5366_p2          |     +    |      0|  0|  35|          28|          28|
    |acc_0_V_4_fu_7901_p2          |     +    |      0|  0|  35|          28|          28|
    |acc_0_V_fu_4932_p2            |     +    |      0|  0|  35|           9|          28|
    |acc_1_V_2_fu_5456_p2          |     +    |      0|  0|  35|          28|          28|
    |acc_1_V_4_fu_7990_p2          |     +    |      0|  0|  35|          28|          28|
    |acc_1_V_fu_5018_p2            |     +    |      0|  0|  35|          11|          28|
    |acc_2_V_2_fu_5546_p2          |     +    |      0|  0|  35|          28|          28|
    |acc_2_V_4_fu_8079_p2          |     +    |      0|  0|  35|          28|          28|
    |acc_2_V_fu_5104_p2            |     +    |      0|  0|  35|          11|          28|
    |acc_3_V_2_fu_5636_p2          |     +    |      0|  0|  35|          28|          28|
    |acc_3_V_4_fu_8168_p2          |     +    |      0|  0|  35|          28|          28|
    |acc_3_V_fu_5190_p2            |     +    |      0|  0|  35|           9|          28|
    |acc_4_V_2_fu_5726_p2          |     +    |      0|  0|  35|          28|          28|
    |acc_4_V_4_fu_8257_p2          |     +    |      0|  0|  35|          28|          28|
    |acc_4_V_fu_5276_p2            |     +    |      0|  0|  35|          11|          28|
    |acc_5_V_2_fu_7632_p2          |     +    |      0|  0|  35|          28|          28|
    |acc_5_V_4_fu_8347_p2          |     +    |      0|  0|  35|          28|          28|
    |acc_5_V_fu_7373_p2            |     +    |      0|  0|  35|           8|          28|
    |acc_6_V_2_fu_7722_p2          |     +    |      0|  0|  35|          28|          28|
    |acc_6_V_4_fu_8438_p2          |     +    |      0|  0|  35|          28|          28|
    |acc_6_V_fu_7457_p2            |     +    |      0|  0|  35|          10|          28|
    |acc_7_V_2_fu_7812_p2          |     +    |      0|  0|  35|          28|          28|
    |acc_7_V_4_fu_8529_p2          |     +    |      0|  0|  35|          28|          28|
    |acc_7_V_fu_7542_p2            |     +    |      0|  0|  35|           7|          28|
    |add_ln1118_fu_6660_p2         |     +    |      0|  0|  28|          21|          21|
    |add_ln1192_1024_fu_5004_p2    |     +    |      0|  0|  36|          11|          29|
    |add_ln1192_1025_fu_5090_p2    |     +    |      0|  0|  36|          11|          29|
    |add_ln1192_1026_fu_5176_p2    |     +    |      0|  0|  36|           9|          29|
    |add_ln1192_1027_fu_5262_p2    |     +    |      0|  0|  36|          11|          29|
    |add_ln1192_1028_fu_7359_p2    |     +    |      0|  0|  36|           8|          29|
    |add_ln1192_1029_fu_7443_p2    |     +    |      0|  0|  36|          10|          29|
    |add_ln1192_1030_fu_7528_p2    |     +    |      0|  0|  36|           7|          29|
    |add_ln1192_1031_fu_5352_p2    |     +    |      0|  0|  36|          29|          29|
    |add_ln1192_1032_fu_5442_p2    |     +    |      0|  0|  36|          29|          29|
    |add_ln1192_1033_fu_5532_p2    |     +    |      0|  0|  36|          29|          29|
    |add_ln1192_1034_fu_5622_p2    |     +    |      0|  0|  36|          29|          29|
    |add_ln1192_1035_fu_5712_p2    |     +    |      0|  0|  36|          29|          29|
    |add_ln1192_1036_fu_7618_p2    |     +    |      0|  0|  36|          29|          29|
    |add_ln1192_1037_fu_7708_p2    |     +    |      0|  0|  36|          29|          29|
    |add_ln1192_1038_fu_7798_p2    |     +    |      0|  0|  36|          29|          29|
    |add_ln1192_1039_fu_7887_p2    |     +    |      0|  0|  36|          29|          29|
    |add_ln1192_1040_fu_7976_p2    |     +    |      0|  0|  36|          29|          29|
    |add_ln1192_1041_fu_8065_p2    |     +    |      0|  0|  36|          29|          29|
    |add_ln1192_1042_fu_8154_p2    |     +    |      0|  0|  36|          29|          29|
    |add_ln1192_1043_fu_8243_p2    |     +    |      0|  0|  36|          29|          29|
    |add_ln1192_1044_fu_8333_p2    |     +    |      0|  0|  36|          29|          29|
    |add_ln1192_1045_fu_8424_p2    |     +    |      0|  0|  36|          29|          29|
    |add_ln1192_1046_fu_8515_p2    |     +    |      0|  0|  36|          29|          29|
    |add_ln1192_fu_4918_p2         |     +    |      0|  0|  36|           9|          29|
    |add_ln389_fu_8603_p2          |     +    |      0|  0|  39|          32|           1|
    |add_ln391_fu_8614_p2          |     +    |      0|  0|  39|          32|           1|
    |add_ln731_fu_6690_p2          |     +    |      0|  0|  29|          22|          22|
    |i_iw_fu_3450_p2               |     +    |      0|  0|  15|           7|           1|
    |sub_ln1118_133_fu_5828_p2     |     -    |      0|  0|  34|          24|          24|
    |sub_ln1118_134_fu_6356_p2     |     -    |      0|  0|  34|           1|          24|
    |sub_ln1118_135_fu_6378_p2     |     -    |      0|  0|  34|          24|          24|
    |sub_ln1118_fu_5811_p2         |     -    |      0|  0|  34|           1|          24|
    |sub_ln731_1_fu_5874_p2        |     -    |      0|  0|  34|          25|          25|
    |sub_ln731_2_fu_6408_p2        |     -    |      0|  0|  34|           1|          25|
    |sub_ln731_3_fu_6430_p2        |     -    |      0|  0|  34|          25|          25|
    |sub_ln731_fu_5857_p2          |     -    |      0|  0|  34|           1|          25|
    |and_ln360_fu_3500_p2          |    and   |      0|  0|   2|           1|           1|
    |and_ln785_1017_fu_3684_p2     |    and   |      0|  0|   2|           1|           1|
    |and_ln785_1018_fu_3800_p2     |    and   |      0|  0|   2|           1|           1|
    |and_ln785_1019_fu_3912_p2     |    and   |      0|  0|   2|           1|           1|
    |and_ln785_1020_fu_4024_p2     |    and   |      0|  0|   2|           1|           1|
    |and_ln785_1021_fu_4136_p2     |    and   |      0|  0|   2|           1|           1|
    |and_ln785_1022_fu_4252_p2     |    and   |      0|  0|   2|           1|           1|
    |and_ln785_1023_fu_5904_p2     |    and   |      0|  0|   2|           1|           1|
    |and_ln785_1024_fu_4386_p2     |    and   |      0|  0|   2|           1|           1|
    |and_ln785_1025_fu_4494_p2     |    and   |      0|  0|   2|           1|           1|
    |and_ln785_1026_fu_4610_p2     |    and   |      0|  0|   2|           1|           1|
    |and_ln785_1027_fu_4726_p2     |    and   |      0|  0|   2|           1|           1|
    |and_ln785_1028_fu_4834_p2     |    and   |      0|  0|   2|           1|           1|
    |and_ln785_1029_fu_6012_p2     |    and   |      0|  0|   2|           1|           1|
    |and_ln785_1030_fu_6128_p2     |    and   |      0|  0|   2|           1|           1|
    |and_ln785_1031_fu_6236_p2     |    and   |      0|  0|   2|           1|           1|
    |and_ln785_1032_fu_6460_p2     |    and   |      0|  0|   2|           1|           1|
    |and_ln785_1033_fu_6568_p2     |    and   |      0|  0|   2|           1|           1|
    |and_ln785_1034_fu_6720_p2     |    and   |      0|  0|   2|           1|           1|
    |and_ln785_1035_fu_6832_p2     |    and   |      0|  0|   2|           1|           1|
    |and_ln785_1036_fu_6940_p2     |    and   |      0|  0|   2|           1|           1|
    |and_ln785_1037_fu_7048_p2     |    and   |      0|  0|   2|           1|           1|
    |and_ln785_1038_fu_7164_p2     |    and   |      0|  0|   2|           1|           1|
    |and_ln785_1039_fu_7276_p2     |    and   |      0|  0|   2|           1|           1|
    |and_ln785_fu_3572_p2          |    and   |      0|  0|   2|           1|           1|
    |and_ln786_3058_fu_3598_p2     |    and   |      0|  0|   2|           1|           1|
    |and_ln786_3059_fu_3690_p2     |    and   |      0|  0|  28|          28|          28|
    |and_ln786_3060_fu_3710_p2     |    and   |      0|  0|   2|           1|           1|
    |and_ln786_3061_fu_3806_p2     |    and   |      0|  0|  27|          27|          27|
    |and_ln786_3062_fu_3826_p2     |    and   |      0|  0|   2|           1|           1|
    |and_ln786_3063_fu_3918_p2     |    and   |      0|  0|  28|          28|          28|
    |and_ln786_3064_fu_3938_p2     |    and   |      0|  0|   2|           1|           1|
    |and_ln786_3065_fu_4030_p2     |    and   |      0|  0|  28|          28|          28|
    |and_ln786_3066_fu_4050_p2     |    and   |      0|  0|   2|           1|           1|
    |and_ln786_3067_fu_4142_p2     |    and   |      0|  0|  28|          28|          28|
    |and_ln786_3068_fu_4162_p2     |    and   |      0|  0|   2|           1|           1|
    |and_ln786_3069_fu_4258_p2     |    and   |      0|  0|  27|          27|          27|
    |and_ln786_3070_fu_4278_p2     |    and   |      0|  0|   2|           1|           1|
    |and_ln786_3071_fu_5910_p2     |    and   |      0|  0|  25|          25|          25|
    |and_ln786_3072_fu_5930_p2     |    and   |      0|  0|   2|           1|           1|
    |and_ln786_3073_fu_4392_p2     |    and   |      0|  0|  27|          27|          27|
    |and_ln786_3074_fu_4412_p2     |    and   |      0|  0|   2|           1|           1|
    |and_ln786_3075_fu_4500_p2     |    and   |      0|  0|  28|          28|          28|
    |and_ln786_3076_fu_4520_p2     |    and   |      0|  0|   2|           1|           1|
    |and_ln786_3077_fu_4616_p2     |    and   |      0|  0|  26|          26|          26|
    |and_ln786_3078_fu_4636_p2     |    and   |      0|  0|   2|           1|           1|
    |and_ln786_3079_fu_4732_p2     |    and   |      0|  0|  26|          26|          26|
    |and_ln786_3080_fu_4752_p2     |    and   |      0|  0|   2|           1|           1|
    |and_ln786_3081_fu_4840_p2     |    and   |      0|  0|  26|          26|          26|
    |and_ln786_3082_fu_4860_p2     |    and   |      0|  0|   2|           1|           1|
    |and_ln786_3083_fu_6018_p2     |    and   |      0|  0|  28|          28|          28|
    |and_ln786_3084_fu_6038_p2     |    and   |      0|  0|   2|           1|           1|
    |and_ln786_3085_fu_6134_p2     |    and   |      0|  0|  27|          27|          27|
    |and_ln786_3086_fu_6154_p2     |    and   |      0|  0|   2|           1|           1|
    |and_ln786_3087_fu_6242_p2     |    and   |      0|  0|  27|          27|          27|
    |and_ln786_3088_fu_6262_p2     |    and   |      0|  0|   2|           1|           1|
    |and_ln786_3089_fu_6466_p2     |    and   |      0|  0|  25|          25|          25|
    |and_ln786_3090_fu_6486_p2     |    and   |      0|  0|   2|           1|           1|
    |and_ln786_3091_fu_6574_p2     |    and   |      0|  0|  28|          28|          28|
    |and_ln786_3092_fu_6594_p2     |    and   |      0|  0|   2|           1|           1|
    |and_ln786_3093_fu_6726_p2     |    and   |      0|  0|  22|          22|          22|
    |and_ln786_3094_fu_6746_p2     |    and   |      0|  0|   2|           1|           1|
    |and_ln786_3095_fu_6838_p2     |    and   |      0|  0|  28|          28|          28|
    |and_ln786_3096_fu_6858_p2     |    and   |      0|  0|   2|           1|           1|
    |and_ln786_3097_fu_6946_p2     |    and   |      0|  0|  28|          28|          28|
    |and_ln786_3098_fu_6966_p2     |    and   |      0|  0|   2|           1|           1|
    |and_ln786_3099_fu_7054_p2     |    and   |      0|  0|  26|          26|          26|
    |and_ln786_3100_fu_7074_p2     |    and   |      0|  0|   2|           1|           1|
    |and_ln786_3101_fu_7170_p2     |    and   |      0|  0|  26|          26|          26|
    |and_ln786_3102_fu_7190_p2     |    and   |      0|  0|   2|           1|           1|
    |and_ln786_3103_fu_7282_p2     |    and   |      0|  0|  28|          28|          28|
    |and_ln786_3104_fu_7302_p2     |    and   |      0|  0|   2|           1|           1|
    |and_ln786_3105_fu_4952_p2     |    and   |      0|  0|   2|           1|           1|
    |and_ln786_3106_fu_5038_p2     |    and   |      0|  0|   2|           1|           1|
    |and_ln786_3107_fu_5124_p2     |    and   |      0|  0|   2|           1|           1|
    |and_ln786_3108_fu_5210_p2     |    and   |      0|  0|   2|           1|           1|
    |and_ln786_3109_fu_5296_p2     |    and   |      0|  0|   2|           1|           1|
    |and_ln786_3110_fu_7392_p2     |    and   |      0|  0|   2|           1|           1|
    |and_ln786_3111_fu_7476_p2     |    and   |      0|  0|   2|           1|           1|
    |and_ln786_3112_fu_7562_p2     |    and   |      0|  0|   2|           1|           1|
    |and_ln786_3113_fu_5386_p2     |    and   |      0|  0|   2|           1|           1|
    |and_ln786_3114_fu_5476_p2     |    and   |      0|  0|   2|           1|           1|
    |and_ln786_3115_fu_5566_p2     |    and   |      0|  0|   2|           1|           1|
    |and_ln786_3116_fu_5656_p2     |    and   |      0|  0|   2|           1|           1|
    |and_ln786_3117_fu_5746_p2     |    and   |      0|  0|   2|           1|           1|
    |and_ln786_3118_fu_7652_p2     |    and   |      0|  0|   2|           1|           1|
    |and_ln786_3119_fu_7742_p2     |    and   |      0|  0|   2|           1|           1|
    |and_ln786_3120_fu_7832_p2     |    and   |      0|  0|   2|           1|           1|
    |and_ln786_3121_fu_7920_p2     |    and   |      0|  0|   2|           1|           1|
    |and_ln786_3122_fu_8009_p2     |    and   |      0|  0|   2|           1|           1|
    |and_ln786_3123_fu_8098_p2     |    and   |      0|  0|   2|           1|           1|
    |and_ln786_3124_fu_8187_p2     |    and   |      0|  0|   2|           1|           1|
    |and_ln786_3125_fu_8276_p2     |    and   |      0|  0|   2|           1|           1|
    |and_ln786_3126_fu_8367_p2     |    and   |      0|  0|   2|           1|           1|
    |and_ln786_3127_fu_8458_p2     |    and   |      0|  0|   2|           1|           1|
    |and_ln786_3128_fu_8549_p2     |    and   |      0|  0|   2|           1|           1|
    |and_ln786_fu_3578_p2          |    and   |      0|  0|  26|          26|          26|
    |ap_condition_158              |    and   |      0|  0|   2|           1|           1|
    |io_acc_block_signal_op870     |    and   |      0|  0|   2|           1|           1|
    |icmp_ln360_1_fu_3494_p2       |   icmp   |      0|  0|  20|          31|           1|
    |icmp_ln360_fu_3474_p2         |   icmp   |      0|  0|  20|          32|           2|
    |icmp_ln384_fu_8598_p2         |   icmp   |      0|  0|  20|          32|           7|
    |icmp_ln64_fu_3444_p2          |   icmp   |      0|  0|  11|           7|           7|
    |ap_block_state1               |    or    |      0|  0|   2|           1|           1|
    |ap_block_state3               |    or    |      0|  0|   2|           1|           1|
    |or_ln340_4075_fu_3622_p2      |    or    |      0|  0|   2|           1|           1|
    |or_ln340_4076_fu_3716_p2      |    or    |      0|  0|   2|           1|           1|
    |or_ln340_4077_fu_3734_p2      |    or    |      0|  0|   2|           1|           1|
    |or_ln340_4078_fu_3832_p2      |    or    |      0|  0|   2|           1|           1|
    |or_ln340_4079_fu_3850_p2      |    or    |      0|  0|   2|           1|           1|
    |or_ln340_4080_fu_3944_p2      |    or    |      0|  0|   2|           1|           1|
    |or_ln340_4081_fu_3962_p2      |    or    |      0|  0|   2|           1|           1|
    |or_ln340_4082_fu_4056_p2      |    or    |      0|  0|   2|           1|           1|
    |or_ln340_4083_fu_4074_p2      |    or    |      0|  0|   2|           1|           1|
    |or_ln340_4084_fu_4168_p2      |    or    |      0|  0|   2|           1|           1|
    |or_ln340_4085_fu_4186_p2      |    or    |      0|  0|   2|           1|           1|
    |or_ln340_4086_fu_4284_p2      |    or    |      0|  0|   2|           1|           1|
    |or_ln340_4087_fu_4302_p2      |    or    |      0|  0|   2|           1|           1|
    |or_ln340_4088_fu_5936_p2      |    or    |      0|  0|   2|           1|           1|
    |or_ln340_4089_fu_5954_p2      |    or    |      0|  0|   2|           1|           1|
    |or_ln340_4090_fu_4418_p2      |    or    |      0|  0|   2|           1|           1|
    |or_ln340_4091_fu_4436_p2      |    or    |      0|  0|   2|           1|           1|
    |or_ln340_4092_fu_4526_p2      |    or    |      0|  0|   2|           1|           1|
    |or_ln340_4093_fu_4544_p2      |    or    |      0|  0|   2|           1|           1|
    |or_ln340_4094_fu_4642_p2      |    or    |      0|  0|   2|           1|           1|
    |or_ln340_4095_fu_4660_p2      |    or    |      0|  0|   2|           1|           1|
    |or_ln340_4096_fu_4758_p2      |    or    |      0|  0|   2|           1|           1|
    |or_ln340_4097_fu_4776_p2      |    or    |      0|  0|   2|           1|           1|
    |or_ln340_4098_fu_4866_p2      |    or    |      0|  0|   2|           1|           1|
    |or_ln340_4099_fu_4884_p2      |    or    |      0|  0|   2|           1|           1|
    |or_ln340_4100_fu_6044_p2      |    or    |      0|  0|   2|           1|           1|
    |or_ln340_4101_fu_6062_p2      |    or    |      0|  0|   2|           1|           1|
    |or_ln340_4102_fu_6160_p2      |    or    |      0|  0|   2|           1|           1|
    |or_ln340_4103_fu_6178_p2      |    or    |      0|  0|   2|           1|           1|
    |or_ln340_4104_fu_6268_p2      |    or    |      0|  0|   2|           1|           1|
    |or_ln340_4105_fu_6286_p2      |    or    |      0|  0|   2|           1|           1|
    |or_ln340_4106_fu_6492_p2      |    or    |      0|  0|   2|           1|           1|
    |or_ln340_4107_fu_6510_p2      |    or    |      0|  0|   2|           1|           1|
    |or_ln340_4108_fu_6600_p2      |    or    |      0|  0|   2|           1|           1|
    |or_ln340_4109_fu_6618_p2      |    or    |      0|  0|   2|           1|           1|
    |or_ln340_4110_fu_6752_p2      |    or    |      0|  0|   2|           1|           1|
    |or_ln340_4111_fu_6770_p2      |    or    |      0|  0|   2|           1|           1|
    |or_ln340_4112_fu_6864_p2      |    or    |      0|  0|   2|           1|           1|
    |or_ln340_4113_fu_6882_p2      |    or    |      0|  0|   2|           1|           1|
    |or_ln340_4114_fu_6972_p2      |    or    |      0|  0|   2|           1|           1|
    |or_ln340_4115_fu_6990_p2      |    or    |      0|  0|   2|           1|           1|
    |or_ln340_4116_fu_7080_p2      |    or    |      0|  0|   2|           1|           1|
    |or_ln340_4117_fu_7098_p2      |    or    |      0|  0|   2|           1|           1|
    |or_ln340_4118_fu_7196_p2      |    or    |      0|  0|   2|           1|           1|
    |or_ln340_4119_fu_7214_p2      |    or    |      0|  0|   2|           1|           1|
    |or_ln340_4120_fu_7308_p2      |    or    |      0|  0|   2|           1|           1|
    |or_ln340_4121_fu_7326_p2      |    or    |      0|  0|   2|           1|           1|
    |or_ln340_4122_fu_4970_p2      |    or    |      0|  0|   2|           1|           1|
    |or_ln340_4123_fu_5056_p2      |    or    |      0|  0|   2|           1|           1|
    |or_ln340_4124_fu_5142_p2      |    or    |      0|  0|   2|           1|           1|
    |or_ln340_4125_fu_5228_p2      |    or    |      0|  0|   2|           1|           1|
    |or_ln340_4126_fu_5314_p2      |    or    |      0|  0|   2|           1|           1|
    |or_ln340_4127_fu_7410_p2      |    or    |      0|  0|   2|           1|           1|
    |or_ln340_4128_fu_7494_p2      |    or    |      0|  0|   2|           1|           1|
    |or_ln340_4129_fu_7580_p2      |    or    |      0|  0|   2|           1|           1|
    |or_ln340_4130_fu_5404_p2      |    or    |      0|  0|   2|           1|           1|
    |or_ln340_4131_fu_5494_p2      |    or    |      0|  0|   2|           1|           1|
    |or_ln340_4132_fu_5584_p2      |    or    |      0|  0|   2|           1|           1|
    |or_ln340_4133_fu_5674_p2      |    or    |      0|  0|   2|           1|           1|
    |or_ln340_4134_fu_5764_p2      |    or    |      0|  0|   2|           1|           1|
    |or_ln340_4135_fu_7670_p2      |    or    |      0|  0|   2|           1|           1|
    |or_ln340_4136_fu_7760_p2      |    or    |      0|  0|   2|           1|           1|
    |or_ln340_4137_fu_7850_p2      |    or    |      0|  0|   2|           1|           1|
    |or_ln340_4138_fu_7938_p2      |    or    |      0|  0|   2|           1|           1|
    |or_ln340_4139_fu_8027_p2      |    or    |      0|  0|   2|           1|           1|
    |or_ln340_4140_fu_8116_p2      |    or    |      0|  0|   2|           1|           1|
    |or_ln340_4141_fu_8205_p2      |    or    |      0|  0|   2|           1|           1|
    |or_ln340_4142_fu_8294_p2      |    or    |      0|  0|   2|           1|           1|
    |or_ln340_4143_fu_8385_p2      |    or    |      0|  0|   2|           1|           1|
    |or_ln340_4144_fu_8476_p2      |    or    |      0|  0|   2|           1|           1|
    |or_ln340_4145_fu_8567_p2      |    or    |      0|  0|   2|           1|           1|
    |or_ln340_4146_fu_3616_p2      |    or    |      0|  0|   2|           1|           1|
    |or_ln340_4147_fu_3728_p2      |    or    |      0|  0|   2|           1|           1|
    |or_ln340_4148_fu_3844_p2      |    or    |      0|  0|   2|           1|           1|
    |or_ln340_4149_fu_3956_p2      |    or    |      0|  0|   2|           1|           1|
    |or_ln340_4150_fu_4068_p2      |    or    |      0|  0|   2|           1|           1|
    |or_ln340_4151_fu_4180_p2      |    or    |      0|  0|   2|           1|           1|
    |or_ln340_4152_fu_4296_p2      |    or    |      0|  0|   2|           1|           1|
    |or_ln340_4153_fu_5948_p2      |    or    |      0|  0|   2|           1|           1|
    |or_ln340_4154_fu_4430_p2      |    or    |      0|  0|   2|           1|           1|
    |or_ln340_4155_fu_4538_p2      |    or    |      0|  0|   2|           1|           1|
    |or_ln340_4156_fu_4654_p2      |    or    |      0|  0|   2|           1|           1|
    |or_ln340_4157_fu_4770_p2      |    or    |      0|  0|   2|           1|           1|
    |or_ln340_4158_fu_4878_p2      |    or    |      0|  0|   2|           1|           1|
    |or_ln340_4159_fu_6056_p2      |    or    |      0|  0|   2|           1|           1|
    |or_ln340_4160_fu_6172_p2      |    or    |      0|  0|   2|           1|           1|
    |or_ln340_4161_fu_6280_p2      |    or    |      0|  0|   2|           1|           1|
    |or_ln340_4162_fu_6504_p2      |    or    |      0|  0|   2|           1|           1|
    |or_ln340_4163_fu_6612_p2      |    or    |      0|  0|   2|           1|           1|
    |or_ln340_4164_fu_6764_p2      |    or    |      0|  0|   2|           1|           1|
    |or_ln340_4165_fu_6876_p2      |    or    |      0|  0|   2|           1|           1|
    |or_ln340_4166_fu_6984_p2      |    or    |      0|  0|   2|           1|           1|
    |or_ln340_4167_fu_7092_p2      |    or    |      0|  0|   2|           1|           1|
    |or_ln340_4168_fu_7208_p2      |    or    |      0|  0|   2|           1|           1|
    |or_ln340_4169_fu_7320_p2      |    or    |      0|  0|   2|           1|           1|
    |or_ln340_fu_3604_p2           |    or    |      0|  0|   2|           1|           1|
    |or_ln785_1017_fu_3664_p2      |    or    |      0|  0|  28|          28|          28|
    |or_ln785_1018_fu_3780_p2      |    or    |      0|  0|  27|          27|          27|
    |or_ln785_1019_fu_3892_p2      |    or    |      0|  0|  28|          28|          28|
    |or_ln785_1020_fu_4004_p2      |    or    |      0|  0|  28|          28|          28|
    |or_ln785_1021_fu_4116_p2      |    or    |      0|  0|  28|          28|          28|
    |or_ln785_1022_fu_4232_p2      |    or    |      0|  0|  27|          27|          27|
    |or_ln785_1023_fu_5884_p2      |    or    |      0|  0|  25|          25|          25|
    |or_ln785_1024_fu_4366_p2      |    or    |      0|  0|  27|          27|          27|
    |or_ln785_1025_fu_4474_p2      |    or    |      0|  0|  28|          28|          28|
    |or_ln785_1026_fu_4590_p2      |    or    |      0|  0|  26|          26|          26|
    |or_ln785_1027_fu_4706_p2      |    or    |      0|  0|  26|          26|          26|
    |or_ln785_1028_fu_4814_p2      |    or    |      0|  0|  26|          26|          26|
    |or_ln785_1029_fu_5992_p2      |    or    |      0|  0|  28|          28|          28|
    |or_ln785_1030_fu_6108_p2      |    or    |      0|  0|  27|          27|          27|
    |or_ln785_1031_fu_6216_p2      |    or    |      0|  0|  27|          27|          27|
    |or_ln785_1032_fu_6440_p2      |    or    |      0|  0|  25|          25|          25|
    |or_ln785_1033_fu_6548_p2      |    or    |      0|  0|  28|          28|          28|
    |or_ln785_1034_fu_6700_p2      |    or    |      0|  0|  22|          22|          22|
    |or_ln785_1035_fu_6812_p2      |    or    |      0|  0|  28|          28|          28|
    |or_ln785_1036_fu_6920_p2      |    or    |      0|  0|  28|          28|          28|
    |or_ln785_1037_fu_7028_p2      |    or    |      0|  0|  26|          26|          26|
    |or_ln785_1038_fu_7144_p2      |    or    |      0|  0|  26|          26|          26|
    |or_ln785_1039_fu_7256_p2      |    or    |      0|  0|  28|          28|          28|
    |or_ln785_fu_3552_p2           |    or    |      0|  0|  26|          26|          26|
    |acc_0_V_1_fu_4984_p3          |  select  |      0|  0|  29|           1|          29|
    |acc_0_V_3_fu_5418_p3          |  select  |      0|  0|  29|           1|          29|
    |acc_0_V_5_fu_7952_p3          |  select  |      0|  0|  29|           1|          29|
    |acc_1_V_1_fu_5070_p3          |  select  |      0|  0|  29|           1|          29|
    |acc_1_V_3_fu_5508_p3          |  select  |      0|  0|  29|           1|          29|
    |acc_1_V_5_fu_8041_p3          |  select  |      0|  0|  29|           1|          29|
    |acc_2_V_1_fu_5156_p3          |  select  |      0|  0|  29|           1|          29|
    |acc_2_V_3_fu_5598_p3          |  select  |      0|  0|  29|           1|          29|
    |acc_2_V_5_fu_8130_p3          |  select  |      0|  0|  29|           1|          29|
    |acc_3_V_1_fu_5242_p3          |  select  |      0|  0|  29|           1|          29|
    |acc_3_V_3_fu_5688_p3          |  select  |      0|  0|  29|           1|          29|
    |acc_3_V_5_fu_8219_p3          |  select  |      0|  0|  29|           1|          29|
    |acc_4_V_1_fu_5328_p3          |  select  |      0|  0|  29|           1|          29|
    |acc_4_V_3_fu_5778_p3          |  select  |      0|  0|  29|           1|          29|
    |acc_4_V_5_fu_8308_p3          |  select  |      0|  0|  29|           1|          29|
    |acc_5_V_1_fu_7424_p3          |  select  |      0|  0|  29|           1|          29|
    |acc_5_V_3_fu_7684_p3          |  select  |      0|  0|  29|           1|          29|
    |acc_5_V_5_fu_8399_p3          |  select  |      0|  0|  29|           1|          29|
    |acc_6_V_1_fu_7508_p3          |  select  |      0|  0|  29|           1|          29|
    |acc_6_V_3_fu_7774_p3          |  select  |      0|  0|  29|           1|          29|
    |acc_6_V_5_fu_8490_p3          |  select  |      0|  0|  29|           1|          29|
    |acc_7_V_1_fu_7594_p3          |  select  |      0|  0|  29|           1|          29|
    |acc_7_V_3_fu_7864_p3          |  select  |      0|  0|  29|           1|          29|
    |acc_7_V_5_fu_8581_p3          |  select  |      0|  0|  29|           1|          29|
    |res_V_data_0_V_din            |  select  |      0|  0|  28|           1|          28|
    |res_V_data_1_V_din            |  select  |      0|  0|  28|           1|          28|
    |res_V_data_2_V_din            |  select  |      0|  0|  28|           1|          28|
    |res_V_data_3_V_din            |  select  |      0|  0|  28|           1|          28|
    |res_V_data_4_V_din            |  select  |      0|  0|  28|           1|          28|
    |res_V_data_5_V_din            |  select  |      0|  0|  28|           1|          28|
    |res_V_data_6_V_din            |  select  |      0|  0|  28|           1|          28|
    |res_V_data_7_V_din            |  select  |      0|  0|  28|           1|          28|
    |select_ln340_2048_fu_3740_p3  |  select  |      0|  0|  28|           1|          27|
    |select_ln340_2049_fu_3856_p3  |  select  |      0|  0|  28|           1|          27|
    |select_ln340_2050_fu_3968_p3  |  select  |      0|  0|  28|           1|          27|
    |select_ln340_2051_fu_4080_p3  |  select  |      0|  0|  28|           1|          27|
    |select_ln340_2052_fu_4192_p3  |  select  |      0|  0|  28|           1|          27|
    |select_ln340_2053_fu_4308_p3  |  select  |      0|  0|  28|           1|          27|
    |select_ln340_2054_fu_5960_p3  |  select  |      0|  0|  28|           1|          27|
    |select_ln340_2055_fu_4442_p3  |  select  |      0|  0|  28|           1|          27|
    |select_ln340_2056_fu_4550_p3  |  select  |      0|  0|  28|           1|          27|
    |select_ln340_2057_fu_4666_p3  |  select  |      0|  0|  28|           1|          27|
    |select_ln340_2058_fu_4782_p3  |  select  |      0|  0|  28|           1|          27|
    |select_ln340_2059_fu_4890_p3  |  select  |      0|  0|  28|           1|          27|
    |select_ln340_2060_fu_6068_p3  |  select  |      0|  0|  28|           1|          27|
    |select_ln340_2061_fu_6184_p3  |  select  |      0|  0|  28|           1|          27|
    |select_ln340_2062_fu_6292_p3  |  select  |      0|  0|  28|           1|          27|
    |select_ln340_2063_fu_6516_p3  |  select  |      0|  0|  28|           1|          27|
    |select_ln340_2064_fu_6624_p3  |  select  |      0|  0|  28|           1|          27|
    |select_ln340_2065_fu_6776_p3  |  select  |      0|  0|  28|           1|          27|
    |select_ln340_2066_fu_6888_p3  |  select  |      0|  0|  28|           1|          27|
    |select_ln340_2067_fu_6996_p3  |  select  |      0|  0|  28|           1|          27|
    |select_ln340_2068_fu_7104_p3  |  select  |      0|  0|  28|           1|          27|
    |select_ln340_2069_fu_7220_p3  |  select  |      0|  0|  28|           1|          27|
    |select_ln340_2070_fu_7332_p3  |  select  |      0|  0|  28|           1|          27|
    |select_ln340_2071_fu_4976_p3  |  select  |      0|  0|  28|           1|          27|
    |select_ln340_2072_fu_5062_p3  |  select  |      0|  0|  28|           1|          27|
    |select_ln340_2073_fu_5148_p3  |  select  |      0|  0|  28|           1|          27|
    |select_ln340_2074_fu_5234_p3  |  select  |      0|  0|  28|           1|          27|
    |select_ln340_2075_fu_5320_p3  |  select  |      0|  0|  28|           1|          27|
    |select_ln340_2076_fu_7416_p3  |  select  |      0|  0|  28|           1|          27|
    |select_ln340_2077_fu_7500_p3  |  select  |      0|  0|  28|           1|          27|
    |select_ln340_2078_fu_7586_p3  |  select  |      0|  0|  28|           1|          27|
    |select_ln340_2079_fu_5410_p3  |  select  |      0|  0|  28|           1|          27|
    |select_ln340_2080_fu_5500_p3  |  select  |      0|  0|  28|           1|          27|
    |select_ln340_2081_fu_5590_p3  |  select  |      0|  0|  28|           1|          27|
    |select_ln340_2082_fu_5680_p3  |  select  |      0|  0|  28|           1|          27|
    |select_ln340_2083_fu_5770_p3  |  select  |      0|  0|  28|           1|          27|
    |select_ln340_2084_fu_7676_p3  |  select  |      0|  0|  28|           1|          27|
    |select_ln340_2085_fu_7766_p3  |  select  |      0|  0|  28|           1|          27|
    |select_ln340_2086_fu_7856_p3  |  select  |      0|  0|  28|           1|          27|
    |select_ln340_2087_fu_7944_p3  |  select  |      0|  0|  28|           1|          27|
    |select_ln340_2088_fu_8033_p3  |  select  |      0|  0|  28|           1|          27|
    |select_ln340_2089_fu_8122_p3  |  select  |      0|  0|  28|           1|          27|
    |select_ln340_2090_fu_8211_p3  |  select  |      0|  0|  28|           1|          27|
    |select_ln340_2091_fu_8300_p3  |  select  |      0|  0|  28|           1|          27|
    |select_ln340_2092_fu_8391_p3  |  select  |      0|  0|  28|           1|          27|
    |select_ln340_2093_fu_8482_p3  |  select  |      0|  0|  28|           1|          27|
    |select_ln340_2094_fu_8573_p3  |  select  |      0|  0|  28|           1|          27|
    |select_ln340_4082_fu_3644_p3  |  select  |      0|  0|  28|           1|          28|
    |select_ln340_4083_fu_3756_p3  |  select  |      0|  0|  28|           1|          28|
    |select_ln340_4084_fu_3872_p3  |  select  |      0|  0|  28|           1|          28|
    |select_ln340_4085_fu_3984_p3  |  select  |      0|  0|  28|           1|          28|
    |select_ln340_4086_fu_4096_p3  |  select  |      0|  0|  28|           1|          28|
    |select_ln340_4087_fu_4208_p3  |  select  |      0|  0|  28|           1|          28|
    |select_ln340_4088_fu_4324_p3  |  select  |      0|  0|  28|           1|          28|
    |select_ln340_4089_fu_5976_p3  |  select  |      0|  0|  28|           1|          28|
    |select_ln340_4090_fu_4458_p3  |  select  |      0|  0|  28|           1|          28|
    |select_ln340_4091_fu_4566_p3  |  select  |      0|  0|  28|           1|          28|
    |select_ln340_4092_fu_4682_p3  |  select  |      0|  0|  28|           1|          28|
    |select_ln340_4093_fu_4798_p3  |  select  |      0|  0|  28|           1|          28|
    |select_ln340_4094_fu_4906_p3  |  select  |      0|  0|  28|           1|          28|
    |select_ln340_4095_fu_6084_p3  |  select  |      0|  0|  28|           1|          28|
    |select_ln340_4096_fu_6200_p3  |  select  |      0|  0|  28|           1|          28|
    |select_ln340_4097_fu_6308_p3  |  select  |      0|  0|  28|           1|          28|
    |select_ln340_4098_fu_6532_p3  |  select  |      0|  0|  28|           1|          28|
    |select_ln340_4099_fu_6640_p3  |  select  |      0|  0|  28|           1|          28|
    |select_ln340_4100_fu_6792_p3  |  select  |      0|  0|  28|           1|          28|
    |select_ln340_4101_fu_6904_p3  |  select  |      0|  0|  28|           1|          28|
    |select_ln340_4102_fu_7012_p3  |  select  |      0|  0|  28|           1|          28|
    |select_ln340_4103_fu_7120_p3  |  select  |      0|  0|  28|           1|          28|
    |select_ln340_4104_fu_7236_p3  |  select  |      0|  0|  28|           1|          28|
    |select_ln340_4105_fu_7348_p3  |  select  |      0|  0|  28|           1|          28|
    |select_ln340_4106_fu_4992_p3  |  select  |      0|  0|  28|           1|          28|
    |select_ln340_4107_fu_5078_p3  |  select  |      0|  0|  28|           1|          28|
    |select_ln340_4108_fu_5164_p3  |  select  |      0|  0|  28|           1|          28|
    |select_ln340_4109_fu_5250_p3  |  select  |      0|  0|  28|           1|          28|
    |select_ln340_4110_fu_5336_p3  |  select  |      0|  0|  28|           1|          28|
    |select_ln340_4111_fu_7432_p3  |  select  |      0|  0|  28|           1|          28|
    |select_ln340_4112_fu_7516_p3  |  select  |      0|  0|  28|           1|          28|
    |select_ln340_4113_fu_7602_p3  |  select  |      0|  0|  28|           1|          28|
    |select_ln340_4114_fu_5426_p3  |  select  |      0|  0|  28|           1|          28|
    |select_ln340_4115_fu_5516_p3  |  select  |      0|  0|  28|           1|          28|
    |select_ln340_4116_fu_5606_p3  |  select  |      0|  0|  28|           1|          28|
    |select_ln340_4117_fu_5696_p3  |  select  |      0|  0|  28|           1|          28|
    |select_ln340_4118_fu_5786_p3  |  select  |      0|  0|  28|           1|          28|
    |select_ln340_4119_fu_7692_p3  |  select  |      0|  0|  28|           1|          28|
    |select_ln340_4120_fu_7782_p3  |  select  |      0|  0|  28|           1|          28|
    |select_ln340_4121_fu_7872_p3  |  select  |      0|  0|  28|           1|          28|
    |select_ln340_fu_3628_p3       |  select  |      0|  0|  28|           1|          27|
    |select_ln388_2041_fu_3748_p3  |  select  |      0|  0|  29|           1|          29|
    |select_ln388_2042_fu_3864_p3  |  select  |      0|  0|  29|           1|          29|
    |select_ln388_2043_fu_3976_p3  |  select  |      0|  0|  29|           1|          29|
    |select_ln388_2044_fu_4088_p3  |  select  |      0|  0|  29|           1|          29|
    |select_ln388_2045_fu_4200_p3  |  select  |      0|  0|  29|           1|          29|
    |select_ln388_2046_fu_4316_p3  |  select  |      0|  0|  29|           1|          29|
    |select_ln388_2047_fu_5968_p3  |  select  |      0|  0|  29|           1|          29|
    |select_ln388_2048_fu_4450_p3  |  select  |      0|  0|  29|           1|          29|
    |select_ln388_2049_fu_4558_p3  |  select  |      0|  0|  29|           1|          29|
    |select_ln388_2050_fu_4674_p3  |  select  |      0|  0|  29|           1|          29|
    |select_ln388_2051_fu_4790_p3  |  select  |      0|  0|  29|           1|          29|
    |select_ln388_2052_fu_4898_p3  |  select  |      0|  0|  29|           1|          29|
    |select_ln388_2053_fu_6076_p3  |  select  |      0|  0|  29|           1|          29|
    |select_ln388_2054_fu_6192_p3  |  select  |      0|  0|  29|           1|          29|
    |select_ln388_2055_fu_6300_p3  |  select  |      0|  0|  29|           1|          29|
    |select_ln388_2056_fu_6524_p3  |  select  |      0|  0|  29|           1|          29|
    |select_ln388_2057_fu_6632_p3  |  select  |      0|  0|  29|           1|          29|
    |select_ln388_2058_fu_6784_p3  |  select  |      0|  0|  29|           1|          29|
    |select_ln388_2059_fu_6896_p3  |  select  |      0|  0|  29|           1|          29|
    |select_ln388_2060_fu_7004_p3  |  select  |      0|  0|  29|           1|          29|
    |select_ln388_2061_fu_7112_p3  |  select  |      0|  0|  29|           1|          29|
    |select_ln388_2062_fu_7228_p3  |  select  |      0|  0|  29|           1|          29|
    |select_ln388_2063_fu_7340_p3  |  select  |      0|  0|  29|           1|          29|
    |select_ln388_fu_3636_p3       |  select  |      0|  0|  29|           1|          29|
    |select_ln391_fu_8619_p3       |  select  |      0|  0|  32|           1|           2|
    |xor_ln340_1047_fu_4964_p2     |    xor   |      0|  0|   2|           1|           2|
    |xor_ln340_1048_fu_5050_p2     |    xor   |      0|  0|   2|           1|           2|
    |xor_ln340_1049_fu_5136_p2     |    xor   |      0|  0|   2|           1|           2|
    |xor_ln340_1050_fu_5222_p2     |    xor   |      0|  0|   2|           1|           2|
    |xor_ln340_1051_fu_5308_p2     |    xor   |      0|  0|   2|           1|           2|
    |xor_ln340_1052_fu_7404_p2     |    xor   |      0|  0|   2|           1|           2|
    |xor_ln340_1053_fu_7488_p2     |    xor   |      0|  0|   2|           1|           2|
    |xor_ln340_1054_fu_7574_p2     |    xor   |      0|  0|   2|           1|           2|
    |xor_ln340_1055_fu_5398_p2     |    xor   |      0|  0|   2|           1|           2|
    |xor_ln340_1056_fu_5488_p2     |    xor   |      0|  0|   2|           1|           2|
    |xor_ln340_1057_fu_5578_p2     |    xor   |      0|  0|   2|           1|           2|
    |xor_ln340_1058_fu_5668_p2     |    xor   |      0|  0|   2|           1|           2|
    |xor_ln340_1059_fu_5758_p2     |    xor   |      0|  0|   2|           1|           2|
    |xor_ln340_1060_fu_7664_p2     |    xor   |      0|  0|   2|           1|           2|
    |xor_ln340_1061_fu_7754_p2     |    xor   |      0|  0|   2|           1|           2|
    |xor_ln340_1062_fu_7844_p2     |    xor   |      0|  0|   2|           1|           2|
    |xor_ln340_1063_fu_7932_p2     |    xor   |      0|  0|   2|           1|           2|
    |xor_ln340_1064_fu_8021_p2     |    xor   |      0|  0|   2|           1|           2|
    |xor_ln340_1065_fu_8110_p2     |    xor   |      0|  0|   2|           1|           2|
    |xor_ln340_1066_fu_8199_p2     |    xor   |      0|  0|   2|           1|           2|
    |xor_ln340_1067_fu_8288_p2     |    xor   |      0|  0|   2|           1|           2|
    |xor_ln340_1068_fu_8379_p2     |    xor   |      0|  0|   2|           1|           2|
    |xor_ln340_1069_fu_8470_p2     |    xor   |      0|  0|   2|           1|           2|
    |xor_ln340_1070_fu_8561_p2     |    xor   |      0|  0|   2|           1|           2|
    |xor_ln340_2048_fu_4958_p2     |    xor   |      0|  0|   2|           1|           1|
    |xor_ln340_2049_fu_5044_p2     |    xor   |      0|  0|   2|           1|           1|
    |xor_ln340_2050_fu_5130_p2     |    xor   |      0|  0|   2|           1|           1|
    |xor_ln340_2051_fu_5216_p2     |    xor   |      0|  0|   2|           1|           1|
    |xor_ln340_2052_fu_5302_p2     |    xor   |      0|  0|   2|           1|           1|
    |xor_ln340_2053_fu_7398_p2     |    xor   |      0|  0|   2|           1|           1|
    |xor_ln340_2054_fu_7482_p2     |    xor   |      0|  0|   2|           1|           1|
    |xor_ln340_2055_fu_7568_p2     |    xor   |      0|  0|   2|           1|           1|
    |xor_ln340_2056_fu_5392_p2     |    xor   |      0|  0|   2|           1|           1|
    |xor_ln340_2057_fu_5482_p2     |    xor   |      0|  0|   2|           1|           1|
    |xor_ln340_2058_fu_5572_p2     |    xor   |      0|  0|   2|           1|           1|
    |xor_ln340_2059_fu_5662_p2     |    xor   |      0|  0|   2|           1|           1|
    |xor_ln340_2060_fu_5752_p2     |    xor   |      0|  0|   2|           1|           1|
    |xor_ln340_2061_fu_7658_p2     |    xor   |      0|  0|   2|           1|           1|
    |xor_ln340_2062_fu_7748_p2     |    xor   |      0|  0|   2|           1|           1|
    |xor_ln340_2063_fu_7838_p2     |    xor   |      0|  0|   2|           1|           1|
    |xor_ln340_2064_fu_7926_p2     |    xor   |      0|  0|   2|           1|           1|
    |xor_ln340_2065_fu_8015_p2     |    xor   |      0|  0|   2|           1|           1|
    |xor_ln340_2066_fu_8104_p2     |    xor   |      0|  0|   2|           1|           1|
    |xor_ln340_2067_fu_8193_p2     |    xor   |      0|  0|   2|           1|           1|
    |xor_ln340_2068_fu_8282_p2     |    xor   |      0|  0|   2|           1|           1|
    |xor_ln340_2069_fu_8373_p2     |    xor   |      0|  0|   2|           1|           1|
    |xor_ln340_2070_fu_8464_p2     |    xor   |      0|  0|   2|           1|           1|
    |xor_ln340_2071_fu_8555_p2     |    xor   |      0|  0|   2|           1|           1|
    |xor_ln340_2072_fu_3610_p2     |    xor   |      0|  0|   2|           1|           2|
    |xor_ln340_2073_fu_3838_p2     |    xor   |      0|  0|   2|           1|           2|
    |xor_ln340_2074_fu_3950_p2     |    xor   |      0|  0|   2|           1|           2|
    |xor_ln340_2075_fu_4062_p2     |    xor   |      0|  0|   2|           1|           2|
    |xor_ln340_2076_fu_4174_p2     |    xor   |      0|  0|   2|           1|           2|
    |xor_ln340_2077_fu_4290_p2     |    xor   |      0|  0|   2|           1|           2|
    |xor_ln340_2078_fu_5942_p2     |    xor   |      0|  0|   2|           1|           2|
    |xor_ln340_2079_fu_4424_p2     |    xor   |      0|  0|   2|           1|           2|
    |xor_ln340_2080_fu_4532_p2     |    xor   |      0|  0|   2|           1|           2|
    |xor_ln340_2081_fu_4648_p2     |    xor   |      0|  0|   2|           1|           2|
    |xor_ln340_2082_fu_4764_p2     |    xor   |      0|  0|   2|           1|           2|
    |xor_ln340_2083_fu_4872_p2     |    xor   |      0|  0|   2|           1|           2|
    |xor_ln340_2084_fu_6050_p2     |    xor   |      0|  0|   2|           1|           2|
    |xor_ln340_2085_fu_6166_p2     |    xor   |      0|  0|   2|           1|           2|
    |xor_ln340_2086_fu_6274_p2     |    xor   |      0|  0|   2|           1|           2|
    |xor_ln340_2087_fu_6498_p2     |    xor   |      0|  0|   2|           1|           2|
    |xor_ln340_2088_fu_6606_p2     |    xor   |      0|  0|   2|           1|           2|
    |xor_ln340_2089_fu_6758_p2     |    xor   |      0|  0|   2|           1|           2|
    |xor_ln340_2090_fu_6870_p2     |    xor   |      0|  0|   2|           1|           2|
    |xor_ln340_2091_fu_6978_p2     |    xor   |      0|  0|   2|           1|           2|
    |xor_ln340_2092_fu_7086_p2     |    xor   |      0|  0|   2|           1|           2|
    |xor_ln340_2093_fu_7202_p2     |    xor   |      0|  0|   2|           1|           2|
    |xor_ln340_2094_fu_7314_p2     |    xor   |      0|  0|   2|           1|           2|
    |xor_ln340_fu_3722_p2          |    xor   |      0|  0|   2|           1|           2|
    |xor_ln785_1017_fu_3678_p2     |    xor   |      0|  0|   2|           1|           2|
    |xor_ln785_1018_fu_3794_p2     |    xor   |      0|  0|   2|           1|           2|
    |xor_ln785_1019_fu_3906_p2     |    xor   |      0|  0|   2|           1|           2|
    |xor_ln785_1020_fu_4018_p2     |    xor   |      0|  0|   2|           1|           2|
    |xor_ln785_1021_fu_4130_p2     |    xor   |      0|  0|   2|           1|           2|
    |xor_ln785_1022_fu_4246_p2     |    xor   |      0|  0|   2|           1|           2|
    |xor_ln785_1023_fu_5898_p2     |    xor   |      0|  0|   2|           1|           2|
    |xor_ln785_1024_fu_4380_p2     |    xor   |      0|  0|   2|           1|           2|
    |xor_ln785_1025_fu_4488_p2     |    xor   |      0|  0|   2|           1|           2|
    |xor_ln785_1026_fu_4604_p2     |    xor   |      0|  0|   2|           1|           2|
    |xor_ln785_1027_fu_4720_p2     |    xor   |      0|  0|   2|           1|           2|
    |xor_ln785_1028_fu_4828_p2     |    xor   |      0|  0|   2|           1|           2|
    |xor_ln785_1029_fu_6006_p2     |    xor   |      0|  0|   2|           1|           2|
    |xor_ln785_1030_fu_6122_p2     |    xor   |      0|  0|   2|           1|           2|
    |xor_ln785_1031_fu_6230_p2     |    xor   |      0|  0|   2|           1|           2|
    |xor_ln785_1032_fu_6454_p2     |    xor   |      0|  0|   2|           1|           2|
    |xor_ln785_1033_fu_6562_p2     |    xor   |      0|  0|   2|           1|           2|
    |xor_ln785_1034_fu_6714_p2     |    xor   |      0|  0|   2|           1|           2|
    |xor_ln785_1035_fu_6826_p2     |    xor   |      0|  0|   2|           1|           2|
    |xor_ln785_1036_fu_6934_p2     |    xor   |      0|  0|   2|           1|           2|
    |xor_ln785_1037_fu_7042_p2     |    xor   |      0|  0|   2|           1|           2|
    |xor_ln785_1038_fu_7158_p2     |    xor   |      0|  0|   2|           1|           2|
    |xor_ln785_1039_fu_7270_p2     |    xor   |      0|  0|   2|           1|           2|
    |xor_ln785_fu_3566_p2          |    xor   |      0|  0|   2|           1|           2|
    |xor_ln786_2041_fu_5032_p2     |    xor   |      0|  0|   2|           1|           2|
    |xor_ln786_2042_fu_5118_p2     |    xor   |      0|  0|   2|           1|           2|
    |xor_ln786_2043_fu_5204_p2     |    xor   |      0|  0|   2|           1|           2|
    |xor_ln786_2044_fu_5290_p2     |    xor   |      0|  0|   2|           1|           2|
    |xor_ln786_2045_fu_7386_p2     |    xor   |      0|  0|   2|           1|           2|
    |xor_ln786_2046_fu_7470_p2     |    xor   |      0|  0|   2|           1|           2|
    |xor_ln786_2047_fu_7556_p2     |    xor   |      0|  0|   2|           1|           2|
    |xor_ln786_2048_fu_5380_p2     |    xor   |      0|  0|   2|           1|           2|
    |xor_ln786_2049_fu_5470_p2     |    xor   |      0|  0|   2|           1|           2|
    |xor_ln786_2050_fu_5560_p2     |    xor   |      0|  0|   2|           1|           2|
    |xor_ln786_2051_fu_5650_p2     |    xor   |      0|  0|   2|           1|           2|
    |xor_ln786_2052_fu_5740_p2     |    xor   |      0|  0|   2|           1|           2|
    |xor_ln786_2053_fu_7646_p2     |    xor   |      0|  0|   2|           1|           2|
    |xor_ln786_2054_fu_7736_p2     |    xor   |      0|  0|   2|           1|           2|
    |xor_ln786_2055_fu_7826_p2     |    xor   |      0|  0|   2|           1|           2|
    |xor_ln786_2056_fu_7914_p2     |    xor   |      0|  0|   2|           1|           2|
    |xor_ln786_2057_fu_8003_p2     |    xor   |      0|  0|   2|           1|           2|
    |xor_ln786_2058_fu_8092_p2     |    xor   |      0|  0|   2|           1|           2|
    |xor_ln786_2059_fu_8181_p2     |    xor   |      0|  0|   2|           1|           2|
    |xor_ln786_2060_fu_8270_p2     |    xor   |      0|  0|   2|           1|           2|
    |xor_ln786_2061_fu_8361_p2     |    xor   |      0|  0|   2|           1|           2|
    |xor_ln786_2062_fu_8452_p2     |    xor   |      0|  0|   2|           1|           2|
    |xor_ln786_2063_fu_8543_p2     |    xor   |      0|  0|   2|           1|           2|
    |xor_ln786_2064_fu_3592_p2     |    xor   |      0|  0|   2|           1|           2|
    |xor_ln786_2065_fu_3704_p2     |    xor   |      0|  0|   2|           1|           2|
    |xor_ln786_2066_fu_3820_p2     |    xor   |      0|  0|   2|           1|           2|
    |xor_ln786_2067_fu_3932_p2     |    xor   |      0|  0|   2|           1|           2|
    |xor_ln786_2068_fu_4044_p2     |    xor   |      0|  0|   2|           1|           2|
    |xor_ln786_2069_fu_4156_p2     |    xor   |      0|  0|   2|           1|           2|
    |xor_ln786_2070_fu_4272_p2     |    xor   |      0|  0|   2|           1|           2|
    |xor_ln786_2071_fu_5924_p2     |    xor   |      0|  0|   2|           1|           2|
    |xor_ln786_2072_fu_4406_p2     |    xor   |      0|  0|   2|           1|           2|
    |xor_ln786_2073_fu_4514_p2     |    xor   |      0|  0|   2|           1|           2|
    |xor_ln786_2074_fu_4630_p2     |    xor   |      0|  0|   2|           1|           2|
    |xor_ln786_2075_fu_4746_p2     |    xor   |      0|  0|   2|           1|           2|
    |xor_ln786_2076_fu_4854_p2     |    xor   |      0|  0|   2|           1|           2|
    |xor_ln786_2077_fu_6032_p2     |    xor   |      0|  0|   2|           1|           2|
    |xor_ln786_2078_fu_6148_p2     |    xor   |      0|  0|   2|           1|           2|
    |xor_ln786_2079_fu_6256_p2     |    xor   |      0|  0|   2|           1|           2|
    |xor_ln786_2080_fu_6480_p2     |    xor   |      0|  0|   2|           1|           2|
    |xor_ln786_2081_fu_6588_p2     |    xor   |      0|  0|   2|           1|           2|
    |xor_ln786_2082_fu_6740_p2     |    xor   |      0|  0|   2|           1|           2|
    |xor_ln786_2083_fu_6852_p2     |    xor   |      0|  0|   2|           1|           2|
    |xor_ln786_2084_fu_6960_p2     |    xor   |      0|  0|   2|           1|           2|
    |xor_ln786_2085_fu_7068_p2     |    xor   |      0|  0|   2|           1|           2|
    |xor_ln786_2086_fu_7184_p2     |    xor   |      0|  0|   2|           1|           2|
    |xor_ln786_2087_fu_7296_p2     |    xor   |      0|  0|   2|           1|           2|
    |xor_ln786_fu_4946_p2          |    xor   |      0|  0|   2|           1|           2|
    +------------------------------+----------+-------+---+----+------------+------------+
    |Total                         |          |     24|  0|8349|        3403|        7768|
    +------------------------------+----------+-------+---+----+------------+------------+

    * Multiplexer: 
    +-----------------------------------------+----+-----------+-----+-----------+
    |                   Name                  | LUT| Input Size| Bits| Total Bits|
    +-----------------------------------------+----+-----------+-----+-----------+
    |ap_NS_fsm                                |  27|          5|    1|          5|
    |ap_done                                  |   9|          2|    1|          2|
    |ap_phi_mux_storemerge_i_i_phi_fu_420_p4  |  15|          3|   32|         96|
    |data_V_data_V_blk_n                      |   9|          2|    1|          2|
    |grp_fu_427_p0                            |  15|          3|   14|         42|
    |grp_fu_427_p1                            |  15|          3|   16|         48|
    |grp_fu_428_p0                            |  15|          3|   12|         36|
    |grp_fu_428_p1                            |  15|          3|   16|         48|
    |grp_fu_429_p0                            |  15|          3|   13|         39|
    |grp_fu_429_p1                            |  15|          3|   16|         48|
    |grp_fu_430_p0                            |  15|          3|   12|         36|
    |grp_fu_430_p1                            |  15|          3|   16|         48|
    |grp_fu_431_p0                            |  15|          3|   11|         33|
    |grp_fu_431_p1                            |  15|          3|   16|         48|
    |grp_fu_432_p0                            |  15|          3|    9|         27|
    |grp_fu_432_p1                            |  15|          3|   16|         48|
    |grp_fu_433_p0                            |  15|          3|   12|         36|
    |grp_fu_433_p1                            |  15|          3|   16|         48|
    |grp_fu_438_p0                            |  15|          3|   10|         30|
    |grp_fu_438_p1                            |  15|          3|   16|         48|
    |grp_fu_439_p0                            |  15|          3|   10|         30|
    |grp_fu_439_p1                            |  15|          3|   16|         48|
    |grp_fu_440_p0                            |  15|          3|   12|         36|
    |grp_fu_440_p1                            |  15|          3|   16|         48|
    |grp_fu_441_p0                            |  15|          3|   14|         42|
    |grp_fu_441_p1                            |  15|          3|   16|         48|
    |grp_fu_442_p0                            |  15|          3|   10|         30|
    |grp_fu_442_p1                            |  15|          3|   16|         48|
    |grp_fu_443_p0                            |  15|          3|   13|         39|
    |grp_fu_443_p1                            |  15|          3|   16|         48|
    |grp_fu_445_p0                            |  15|          3|   11|         33|
    |grp_fu_445_p1                            |  15|          3|   16|         48|
    |grp_fu_446_p0                            |  15|          3|   11|         33|
    |grp_fu_446_p1                            |  15|          3|   16|         48|
    |grp_fu_447_p0                            |  15|          3|   12|         36|
    |grp_fu_447_p1                            |  15|          3|   16|         48|
    |grp_fu_449_p0                            |  15|          3|   13|         39|
    |grp_fu_449_p1                            |  15|          3|   16|         48|
    |grp_fu_450_p0                            |  15|          3|   11|         33|
    |grp_fu_450_p1                            |  15|          3|   16|         48|
    |i_iw_0_i_reg_406                         |   9|          2|    7|         14|
    |pX                                       |   9|          2|   32|         64|
    |real_start                               |   9|          2|    1|          2|
    |res_V_data_0_V_blk_n                     |   9|          2|    1|          2|
    |res_V_data_1_V_blk_n                     |   9|          2|    1|          2|
    |res_V_data_2_V_blk_n                     |   9|          2|    1|          2|
    |res_V_data_3_V_blk_n                     |   9|          2|    1|          2|
    |res_V_data_4_V_blk_n                     |   9|          2|    1|          2|
    |res_V_data_5_V_blk_n                     |   9|          2|    1|          2|
    |res_V_data_6_V_blk_n                     |   9|          2|    1|          2|
    |res_V_data_7_V_blk_n                     |   9|          2|    1|          2|
    +-----------------------------------------+----+-----------+-----+-----------+
    |Total                                    | 699|        142|  581|       1695|
    +-----------------------------------------+----+-----------+-----+-----------+

    * Register: 
    +---------------------------------+----+----+-----+-----------+
    |               Name              | FF | LUT| Bits| Const Bits|
    +---------------------------------+----+----+-----+-----------+
    |and_ln360_reg_8671               |   1|   0|    1|          0|
    |ap_CS_fsm                        |   4|   0|    4|          0|
    |ap_done_reg                      |   1|   0|    1|          0|
    |i_iw_0_i_reg_406                 |   7|   0|    7|          0|
    |i_iw_reg_8642                    |   7|   0|    7|          0|
    |icmp_ln360_reg_8660              |   1|   0|    1|          0|
    |kernel_data_V_3_1                |  16|   0|   16|          0|
    |kernel_data_V_3_1_load_reg_8647  |  16|   0|   16|          0|
    |kernel_data_V_3_2                |  16|   0|   16|          0|
    |pX                               |  32|   0|   32|          0|
    |pX_load_reg_8665                 |  32|   0|   32|          0|
    |sX                               |  32|   0|   32|          0|
    |sX_load_reg_8655                 |  32|   0|   32|          0|
    |select_ln340_4087_reg_8675       |  28|   0|   28|          0|
    |select_ln340_4088_reg_8681       |  28|   0|   28|          0|
    |select_ln340_4114_reg_8705       |  28|   0|   28|          0|
    |select_ln340_4115_reg_8711       |  28|   0|   28|          0|
    |select_ln340_4116_reg_8717       |  28|   0|   28|          0|
    |select_ln340_4117_reg_8723       |  28|   0|   28|          0|
    |select_ln340_4118_reg_8729       |  28|   0|   28|          0|
    |sext_ln1116_25_reg_8687          |  28|   0|   28|          0|
    |sext_ln1118_522_reg_8693         |  27|   0|   27|          0|
    |sext_ln1118_523_reg_8699         |  26|   0|   26|          0|
    |start_once_reg                   |   1|   0|    1|          0|
    +---------------------------------+----+----+-----+-----------+
    |Total                            | 475|   0|  475|          0|
    +---------------------------------+----+----+-----+-----------+



================================================================
== Interface
================================================================
* Summary: 
+-----------------------+-----+-----+------------+----------------------------------------------------------------------------------+--------------+
|       RTL Ports       | Dir | Bits|  Protocol  |                                   Source Object                                  |    C Type    |
+-----------------------+-----+-----+------------+----------------------------------------------------------------------------------+--------------+
|ap_clk                 |  in |    1| ap_ctrl_hs | conv_1d_cl<array<ap_int<16>, 1u>, array<ap_fixed<28, 16, 1, 0, 0>, 8u>, config2> | return value |
|ap_rst                 |  in |    1| ap_ctrl_hs | conv_1d_cl<array<ap_int<16>, 1u>, array<ap_fixed<28, 16, 1, 0, 0>, 8u>, config2> | return value |
|ap_start               |  in |    1| ap_ctrl_hs | conv_1d_cl<array<ap_int<16>, 1u>, array<ap_fixed<28, 16, 1, 0, 0>, 8u>, config2> | return value |
|start_full_n           |  in |    1| ap_ctrl_hs | conv_1d_cl<array<ap_int<16>, 1u>, array<ap_fixed<28, 16, 1, 0, 0>, 8u>, config2> | return value |
|ap_done                | out |    1| ap_ctrl_hs | conv_1d_cl<array<ap_int<16>, 1u>, array<ap_fixed<28, 16, 1, 0, 0>, 8u>, config2> | return value |
|ap_continue            |  in |    1| ap_ctrl_hs | conv_1d_cl<array<ap_int<16>, 1u>, array<ap_fixed<28, 16, 1, 0, 0>, 8u>, config2> | return value |
|ap_idle                | out |    1| ap_ctrl_hs | conv_1d_cl<array<ap_int<16>, 1u>, array<ap_fixed<28, 16, 1, 0, 0>, 8u>, config2> | return value |
|ap_ready               | out |    1| ap_ctrl_hs | conv_1d_cl<array<ap_int<16>, 1u>, array<ap_fixed<28, 16, 1, 0, 0>, 8u>, config2> | return value |
|start_out              | out |    1| ap_ctrl_hs | conv_1d_cl<array<ap_int<16>, 1u>, array<ap_fixed<28, 16, 1, 0, 0>, 8u>, config2> | return value |
|start_write            | out |    1| ap_ctrl_hs | conv_1d_cl<array<ap_int<16>, 1u>, array<ap_fixed<28, 16, 1, 0, 0>, 8u>, config2> | return value |
|data_V_data_V_dout     |  in |   16|   ap_fifo  |                                   data_V_data_V                                  |    pointer   |
|data_V_data_V_empty_n  |  in |    1|   ap_fifo  |                                   data_V_data_V                                  |    pointer   |
|data_V_data_V_read     | out |    1|   ap_fifo  |                                   data_V_data_V                                  |    pointer   |
|res_V_data_0_V_din     | out |   28|   ap_fifo  |                                  res_V_data_0_V                                  |    pointer   |
|res_V_data_0_V_full_n  |  in |    1|   ap_fifo  |                                  res_V_data_0_V                                  |    pointer   |
|res_V_data_0_V_write   | out |    1|   ap_fifo  |                                  res_V_data_0_V                                  |    pointer   |
|res_V_data_1_V_din     | out |   28|   ap_fifo  |                                  res_V_data_1_V                                  |    pointer   |
|res_V_data_1_V_full_n  |  in |    1|   ap_fifo  |                                  res_V_data_1_V                                  |    pointer   |
|res_V_data_1_V_write   | out |    1|   ap_fifo  |                                  res_V_data_1_V                                  |    pointer   |
|res_V_data_2_V_din     | out |   28|   ap_fifo  |                                  res_V_data_2_V                                  |    pointer   |
|res_V_data_2_V_full_n  |  in |    1|   ap_fifo  |                                  res_V_data_2_V                                  |    pointer   |
|res_V_data_2_V_write   | out |    1|   ap_fifo  |                                  res_V_data_2_V                                  |    pointer   |
|res_V_data_3_V_din     | out |   28|   ap_fifo  |                                  res_V_data_3_V                                  |    pointer   |
|res_V_data_3_V_full_n  |  in |    1|   ap_fifo  |                                  res_V_data_3_V                                  |    pointer   |
|res_V_data_3_V_write   | out |    1|   ap_fifo  |                                  res_V_data_3_V                                  |    pointer   |
|res_V_data_4_V_din     | out |   28|   ap_fifo  |                                  res_V_data_4_V                                  |    pointer   |
|res_V_data_4_V_full_n  |  in |    1|   ap_fifo  |                                  res_V_data_4_V                                  |    pointer   |
|res_V_data_4_V_write   | out |    1|   ap_fifo  |                                  res_V_data_4_V                                  |    pointer   |
|res_V_data_5_V_din     | out |   28|   ap_fifo  |                                  res_V_data_5_V                                  |    pointer   |
|res_V_data_5_V_full_n  |  in |    1|   ap_fifo  |                                  res_V_data_5_V                                  |    pointer   |
|res_V_data_5_V_write   | out |    1|   ap_fifo  |                                  res_V_data_5_V                                  |    pointer   |
|res_V_data_6_V_din     | out |   28|   ap_fifo  |                                  res_V_data_6_V                                  |    pointer   |
|res_V_data_6_V_full_n  |  in |    1|   ap_fifo  |                                  res_V_data_6_V                                  |    pointer   |
|res_V_data_6_V_write   | out |    1|   ap_fifo  |                                  res_V_data_6_V                                  |    pointer   |
|res_V_data_7_V_din     | out |   28|   ap_fifo  |                                  res_V_data_7_V                                  |    pointer   |
|res_V_data_7_V_full_n  |  in |    1|   ap_fifo  |                                  res_V_data_7_V                                  |    pointer   |
|res_V_data_7_V_write   | out |    1|   ap_fifo  |                                  res_V_data_7_V                                  |    pointer   |
+-----------------------+-----+-----+------------+----------------------------------------------------------------------------------+--------------+

