

================================================================
== Vivado HLS Report for 'linear_array_array_ap_fixed_16_16_1_0_0_16u_linear_config17_s'
================================================================
* Date:           Wed Aug  7 14:40:08 2024

* Version:        2020.1 (Build 2897737 on Wed May 27 20:21:37 MDT 2020)
* Project:        Encoder_prj
* Solution:       solution1
* Product family: virtexuplus
* Target device:  xcvu13p-flga2577-2-e


================================================================
== Performance Estimates
================================================================
+ Timing: 
    * Summary: 
    +--------+----------+----------+------------+
    |  Clock |  Target  | Estimated| Uncertainty|
    +--------+----------+----------+------------+
    |ap_clk  | 10.00 ns | 3.103 ns |   1.25 ns  |
    +--------+----------+----------+------------+

+ Latency: 
    * Summary: 
    +---------+---------+-----------+-----------+-----+-----+----------+
    |  Latency (cycles) |   Latency (absolute)  |  Interval | Pipeline |
    |   min   |   max   |    min    |    max    | min | max |   Type   |
    +---------+---------+-----------+-----------+-----+-----+----------+
    |        1|        1| 10.000 ns | 10.000 ns |    1|    1| function |
    +---------+---------+-----------+-----------+-----+-----+----------+

    + Detail: 
        * Instance: 
        N/A

        * Loop: 
        N/A



================================================================
== Utilization Estimates
================================================================
* Summary: 
+---------------------+---------+-------+---------+---------+------+
|         Name        | BRAM_18K| DSP48E|    FF   |   LUT   | URAM |
+---------------------+---------+-------+---------+---------+------+
|DSP                  |        -|      -|        -|        -|     -|
|Expression           |        -|      -|        0|     1164|     -|
|FIFO                 |        -|      -|        -|        -|     -|
|Instance             |        -|      -|        -|        -|     -|
|Memory               |        -|      -|        -|        -|     -|
|Multiplexer          |        -|      -|        -|      297|     -|
|Register             |        -|      -|        3|        -|     -|
+---------------------+---------+-------+---------+---------+------+
|Total                |        0|      0|        3|     1461|     0|
+---------------------+---------+-------+---------+---------+------+
|Available SLR        |     1344|   3072|   864000|   432000|   320|
+---------------------+---------+-------+---------+---------+------+
|Utilization SLR (%)  |        0|      0|    ~0   |    ~0   |     0|
+---------------------+---------+-------+---------+---------+------+
|Available            |     5376|  12288|  3456000|  1728000|  1280|
+---------------------+---------+-------+---------+---------+------+
|Utilization (%)      |        0|      0|    ~0   |    ~0   |     0|
+---------------------+---------+-------+---------+---------+------+

+ Detail: 
    * Instance: 
    N/A

    * DSP48E: 
    N/A

    * Memory: 
    N/A

    * FIFO: 
    N/A

    * Expression: 
    +----------------------------------+----------+-------+---+----+------------+------------+
    |           Variable Name          | Operation| DSP48E| FF| LUT| Bitwidth P0| Bitwidth P1|
    +----------------------------------+----------+-------+---+----+------------+------------+
    |add_ln415_10_fu_1172_p2           |     +    |      0|  0|  23|          16|          16|
    |add_ln415_11_fu_1238_p2           |     +    |      0|  0|  23|          16|          16|
    |add_ln415_12_fu_1304_p2           |     +    |      0|  0|  23|          16|          16|
    |add_ln415_13_fu_1387_p2           |     +    |      0|  0|  23|          16|          16|
    |add_ln415_14_fu_1470_p2           |     +    |      0|  0|  23|          16|          16|
    |add_ln415_15_fu_1553_p2           |     +    |      0|  0|  23|          16|          16|
    |add_ln415_1_fu_578_p2             |     +    |      0|  0|  23|          16|          16|
    |add_ln415_2_fu_644_p2             |     +    |      0|  0|  23|          16|          16|
    |add_ln415_3_fu_710_p2             |     +    |      0|  0|  23|          16|          16|
    |add_ln415_4_fu_776_p2             |     +    |      0|  0|  23|          16|          16|
    |add_ln415_5_fu_842_p2             |     +    |      0|  0|  23|          16|          16|
    |add_ln415_6_fu_908_p2             |     +    |      0|  0|  23|          16|          16|
    |add_ln415_7_fu_974_p2             |     +    |      0|  0|  23|          16|          16|
    |add_ln415_8_fu_1040_p2            |     +    |      0|  0|  23|          16|          16|
    |add_ln415_9_fu_1106_p2            |     +    |      0|  0|  23|          16|          16|
    |add_ln415_fu_512_p2               |     +    |      0|  0|  23|          16|          16|
    |and_ln415_10_fu_1162_p2           |    and   |      0|  0|   2|           1|           1|
    |and_ln415_11_fu_1228_p2           |    and   |      0|  0|   2|           1|           1|
    |and_ln415_12_fu_1294_p2           |    and   |      0|  0|   2|           1|           1|
    |and_ln415_13_fu_1377_p2           |    and   |      0|  0|   2|           1|           1|
    |and_ln415_14_fu_1460_p2           |    and   |      0|  0|   2|           1|           1|
    |and_ln415_15_fu_1543_p2           |    and   |      0|  0|   2|           1|           1|
    |and_ln415_1_fu_568_p2             |    and   |      0|  0|   2|           1|           1|
    |and_ln415_2_fu_634_p2             |    and   |      0|  0|   2|           1|           1|
    |and_ln415_3_fu_700_p2             |    and   |      0|  0|   2|           1|           1|
    |and_ln415_4_fu_766_p2             |    and   |      0|  0|   2|           1|           1|
    |and_ln415_5_fu_832_p2             |    and   |      0|  0|   2|           1|           1|
    |and_ln415_6_fu_898_p2             |    and   |      0|  0|   2|           1|           1|
    |and_ln415_7_fu_964_p2             |    and   |      0|  0|   2|           1|           1|
    |and_ln415_8_fu_1030_p2            |    and   |      0|  0|   2|           1|           1|
    |and_ln415_9_fu_1096_p2            |    and   |      0|  0|   2|           1|           1|
    |and_ln415_fu_502_p2               |    and   |      0|  0|   2|           1|           1|
    |io_acc_block_signal_op3           |    and   |      0|  0|   2|           1|           1|
    |icmp_ln718_10_fu_1142_p2          |   icmp   |      0|  0|  13|          11|           1|
    |icmp_ln718_11_fu_1208_p2          |   icmp   |      0|  0|  13|          11|           1|
    |icmp_ln718_12_fu_1274_p2          |   icmp   |      0|  0|  13|          11|           1|
    |icmp_ln718_13_fu_1357_p2          |   icmp   |      0|  0|  13|          11|           1|
    |icmp_ln718_14_fu_1440_p2          |   icmp   |      0|  0|  13|          11|           1|
    |icmp_ln718_15_fu_1523_p2          |   icmp   |      0|  0|  13|          11|           1|
    |icmp_ln718_1_fu_548_p2            |   icmp   |      0|  0|  13|          11|           1|
    |icmp_ln718_2_fu_614_p2            |   icmp   |      0|  0|  13|          11|           1|
    |icmp_ln718_3_fu_680_p2            |   icmp   |      0|  0|  13|          11|           1|
    |icmp_ln718_4_fu_746_p2            |   icmp   |      0|  0|  13|          11|           1|
    |icmp_ln718_5_fu_812_p2            |   icmp   |      0|  0|  13|          11|           1|
    |icmp_ln718_6_fu_878_p2            |   icmp   |      0|  0|  13|          11|           1|
    |icmp_ln718_7_fu_944_p2            |   icmp   |      0|  0|  13|          11|           1|
    |icmp_ln718_8_fu_1010_p2           |   icmp   |      0|  0|  13|          11|           1|
    |icmp_ln718_9_fu_1076_p2           |   icmp   |      0|  0|  13|          11|           1|
    |icmp_ln718_fu_482_p2              |   icmp   |      0|  0|  13|          11|           1|
    |ap_block_pp0_stage0_01001         |    or    |      0|  0|   2|           1|           1|
    |ap_block_pp0_stage0_11001         |    or    |      0|  0|   2|           1|           1|
    |ap_block_state1_pp0_stage0_iter0  |    or    |      0|  0|   2|           1|           1|
    |ap_block_state2_pp0_stage0_iter1  |    or    |      0|  0|   2|           1|           1|
    |or_ln406_10_fu_1148_p2            |    or    |      0|  0|   2|           1|           1|
    |or_ln406_11_fu_1214_p2            |    or    |      0|  0|   2|           1|           1|
    |or_ln406_12_fu_1280_p2            |    or    |      0|  0|   2|           1|           1|
    |or_ln406_13_fu_1363_p2            |    or    |      0|  0|   2|           1|           1|
    |or_ln406_14_fu_1446_p2            |    or    |      0|  0|   2|           1|           1|
    |or_ln406_15_fu_1529_p2            |    or    |      0|  0|   2|           1|           1|
    |or_ln406_1_fu_554_p2              |    or    |      0|  0|   2|           1|           1|
    |or_ln406_2_fu_620_p2              |    or    |      0|  0|   2|           1|           1|
    |or_ln406_3_fu_686_p2              |    or    |      0|  0|   2|           1|           1|
    |or_ln406_4_fu_752_p2              |    or    |      0|  0|   2|           1|           1|
    |or_ln406_5_fu_818_p2              |    or    |      0|  0|   2|           1|           1|
    |or_ln406_6_fu_884_p2              |    or    |      0|  0|   2|           1|           1|
    |or_ln406_7_fu_950_p2              |    or    |      0|  0|   2|           1|           1|
    |or_ln406_8_fu_1016_p2             |    or    |      0|  0|   2|           1|           1|
    |or_ln406_9_fu_1082_p2             |    or    |      0|  0|   2|           1|           1|
    |or_ln406_fu_488_p2                |    or    |      0|  0|   2|           1|           1|
    |empty_38_fu_1584_p3               |  select  |      0|  0|  16|           1|          16|
    |empty_39_fu_1601_p3               |  select  |      0|  0|  16|           1|          16|
    |empty_40_fu_1618_p3               |  select  |      0|  0|  16|           1|          16|
    |empty_41_fu_1635_p3               |  select  |      0|  0|  16|           1|          16|
    |empty_42_fu_1652_p3               |  select  |      0|  0|  16|           1|          16|
    |empty_43_fu_1669_p3               |  select  |      0|  0|  16|           1|          16|
    |empty_44_fu_1686_p3               |  select  |      0|  0|  16|           1|          16|
    |empty_45_fu_1703_p3               |  select  |      0|  0|  16|           1|          16|
    |empty_46_fu_1720_p3               |  select  |      0|  0|  16|           1|          16|
    |empty_47_fu_1737_p3               |  select  |      0|  0|  16|           1|          16|
    |empty_48_fu_1754_p3               |  select  |      0|  0|  16|           1|          16|
    |empty_49_fu_1771_p3               |  select  |      0|  0|  16|           1|          16|
    |phitmp_12_fu_1318_p3              |  select  |      0|  0|  16|           1|          16|
    |phitmp_13_fu_1401_p3              |  select  |      0|  0|  16|           1|          16|
    |phitmp_14_fu_1484_p3              |  select  |      0|  0|  16|           1|          16|
    |phitmp_15_fu_1567_p3              |  select  |      0|  0|  16|           1|          16|
    |res_V_data_0_V_TDATA_int          |  select  |      0|  0|  16|           1|          16|
    |res_V_data_10_V_TDATA_int         |  select  |      0|  0|  16|           1|          16|
    |res_V_data_11_V_TDATA_int         |  select  |      0|  0|  16|           1|          16|
    |res_V_data_12_V_TDATA_int         |  select  |      0|  0|  16|           1|          16|
    |res_V_data_13_V_TDATA_int         |  select  |      0|  0|  16|           1|          16|
    |res_V_data_14_V_TDATA_int         |  select  |      0|  0|  16|           1|          16|
    |res_V_data_15_V_TDATA_int         |  select  |      0|  0|  16|           1|          16|
    |res_V_data_1_V_TDATA_int          |  select  |      0|  0|  16|           1|          16|
    |res_V_data_2_V_TDATA_int          |  select  |      0|  0|  16|           1|          16|
    |res_V_data_3_V_TDATA_int          |  select  |      0|  0|  16|           1|          16|
    |res_V_data_4_V_TDATA_int          |  select  |      0|  0|  16|           1|          16|
    |res_V_data_5_V_TDATA_int          |  select  |      0|  0|  16|           1|          16|
    |res_V_data_6_V_TDATA_int          |  select  |      0|  0|  16|           1|          16|
    |res_V_data_7_V_TDATA_int          |  select  |      0|  0|  16|           1|          16|
    |res_V_data_8_V_TDATA_int          |  select  |      0|  0|  16|           1|          16|
    |res_V_data_9_V_TDATA_int          |  select  |      0|  0|  16|           1|          16|
    |ap_enable_pp0                     |    xor   |      0|  0|   2|           1|           2|
    +----------------------------------+----------+-------+---+----+------------+------------+
    |Total                             |          |      0|  0|1164|         502|         823|
    +----------------------------------+----------+-------+---+----+------------+------------+

    * Multiplexer: 
    +-----------------------------+----+-----------+-----+-----------+
    |             Name            | LUT| Input Size| Bits| Total Bits|
    +-----------------------------+----+-----------+-----+-----------+
    |ap_done                      |   9|          2|    1|          2|
    |data_V_data_0_V_blk_n        |   9|          2|    1|          2|
    |data_V_data_10_V_blk_n       |   9|          2|    1|          2|
    |data_V_data_11_V_blk_n       |   9|          2|    1|          2|
    |data_V_data_12_V_blk_n       |   9|          2|    1|          2|
    |data_V_data_13_V_blk_n       |   9|          2|    1|          2|
    |data_V_data_14_V_blk_n       |   9|          2|    1|          2|
    |data_V_data_15_V_blk_n       |   9|          2|    1|          2|
    |data_V_data_1_V_blk_n        |   9|          2|    1|          2|
    |data_V_data_2_V_blk_n        |   9|          2|    1|          2|
    |data_V_data_3_V_blk_n        |   9|          2|    1|          2|
    |data_V_data_4_V_blk_n        |   9|          2|    1|          2|
    |data_V_data_5_V_blk_n        |   9|          2|    1|          2|
    |data_V_data_6_V_blk_n        |   9|          2|    1|          2|
    |data_V_data_7_V_blk_n        |   9|          2|    1|          2|
    |data_V_data_8_V_blk_n        |   9|          2|    1|          2|
    |data_V_data_9_V_blk_n        |   9|          2|    1|          2|
    |res_V_data_0_V_TDATA_blk_n   |   9|          2|    1|          2|
    |res_V_data_10_V_TDATA_blk_n  |   9|          2|    1|          2|
    |res_V_data_11_V_TDATA_blk_n  |   9|          2|    1|          2|
    |res_V_data_12_V_TDATA_blk_n  |   9|          2|    1|          2|
    |res_V_data_13_V_TDATA_blk_n  |   9|          2|    1|          2|
    |res_V_data_14_V_TDATA_blk_n  |   9|          2|    1|          2|
    |res_V_data_15_V_TDATA_blk_n  |   9|          2|    1|          2|
    |res_V_data_1_V_TDATA_blk_n   |   9|          2|    1|          2|
    |res_V_data_2_V_TDATA_blk_n   |   9|          2|    1|          2|
    |res_V_data_3_V_TDATA_blk_n   |   9|          2|    1|          2|
    |res_V_data_4_V_TDATA_blk_n   |   9|          2|    1|          2|
    |res_V_data_5_V_TDATA_blk_n   |   9|          2|    1|          2|
    |res_V_data_6_V_TDATA_blk_n   |   9|          2|    1|          2|
    |res_V_data_7_V_TDATA_blk_n   |   9|          2|    1|          2|
    |res_V_data_8_V_TDATA_blk_n   |   9|          2|    1|          2|
    |res_V_data_9_V_TDATA_blk_n   |   9|          2|    1|          2|
    +-----------------------------+----+-----------+-----+-----------+
    |Total                        | 297|         66|   33|         66|
    +-----------------------------+----+-----------+-----+-----------+

    * Register: 
    +-------------------------+---+----+-----+-----------+
    |           Name          | FF| LUT| Bits| Const Bits|
    +-------------------------+---+----+-----+-----------+
    |ap_CS_fsm                |  1|   0|    1|          0|
    |ap_done_reg              |  1|   0|    1|          0|
    |ap_enable_reg_pp0_iter1  |  1|   0|    1|          0|
    +-------------------------+---+----+-----+-----------+
    |Total                    |  3|   0|    3|          0|
    +-------------------------+---+----+-----+-----------+



================================================================
== Interface
================================================================
* Summary: 
+--------------------------+-----+-----+------------+----------------------------------------------------------------+--------------+
|         RTL Ports        | Dir | Bits|  Protocol  |                          Source Object                         |    C Type    |
+--------------------------+-----+-----+------------+----------------------------------------------------------------+--------------+
|ap_clk                    |  in |    1| ap_ctrl_hs | linear<array,array<ap_fixed<16,16,1,0,0>,16u>,linear_config17> | return value |
|ap_rst                    |  in |    1| ap_ctrl_hs | linear<array,array<ap_fixed<16,16,1,0,0>,16u>,linear_config17> | return value |
|ap_start                  |  in |    1| ap_ctrl_hs | linear<array,array<ap_fixed<16,16,1,0,0>,16u>,linear_config17> | return value |
|ap_done                   | out |    1| ap_ctrl_hs | linear<array,array<ap_fixed<16,16,1,0,0>,16u>,linear_config17> | return value |
|ap_continue               |  in |    1| ap_ctrl_hs | linear<array,array<ap_fixed<16,16,1,0,0>,16u>,linear_config17> | return value |
|ap_idle                   | out |    1| ap_ctrl_hs | linear<array,array<ap_fixed<16,16,1,0,0>,16u>,linear_config17> | return value |
|ap_ready                  | out |    1| ap_ctrl_hs | linear<array,array<ap_fixed<16,16,1,0,0>,16u>,linear_config17> | return value |
|data_V_data_0_V_dout      |  in |   28|   ap_fifo  |                         data_V_data_0_V                        |    pointer   |
|data_V_data_0_V_empty_n   |  in |    1|   ap_fifo  |                         data_V_data_0_V                        |    pointer   |
|data_V_data_0_V_read      | out |    1|   ap_fifo  |                         data_V_data_0_V                        |    pointer   |
|data_V_data_1_V_dout      |  in |   28|   ap_fifo  |                         data_V_data_1_V                        |    pointer   |
|data_V_data_1_V_empty_n   |  in |    1|   ap_fifo  |                         data_V_data_1_V                        |    pointer   |
|data_V_data_1_V_read      | out |    1|   ap_fifo  |                         data_V_data_1_V                        |    pointer   |
|data_V_data_2_V_dout      |  in |   28|   ap_fifo  |                         data_V_data_2_V                        |    pointer   |
|data_V_data_2_V_empty_n   |  in |    1|   ap_fifo  |                         data_V_data_2_V                        |    pointer   |
|data_V_data_2_V_read      | out |    1|   ap_fifo  |                         data_V_data_2_V                        |    pointer   |
|data_V_data_3_V_dout      |  in |   28|   ap_fifo  |                         data_V_data_3_V                        |    pointer   |
|data_V_data_3_V_empty_n   |  in |    1|   ap_fifo  |                         data_V_data_3_V                        |    pointer   |
|data_V_data_3_V_read      | out |    1|   ap_fifo  |                         data_V_data_3_V                        |    pointer   |
|data_V_data_4_V_dout      |  in |   28|   ap_fifo  |                         data_V_data_4_V                        |    pointer   |
|data_V_data_4_V_empty_n   |  in |    1|   ap_fifo  |                         data_V_data_4_V                        |    pointer   |
|data_V_data_4_V_read      | out |    1|   ap_fifo  |                         data_V_data_4_V                        |    pointer   |
|data_V_data_5_V_dout      |  in |   28|   ap_fifo  |                         data_V_data_5_V                        |    pointer   |
|data_V_data_5_V_empty_n   |  in |    1|   ap_fifo  |                         data_V_data_5_V                        |    pointer   |
|data_V_data_5_V_read      | out |    1|   ap_fifo  |                         data_V_data_5_V                        |    pointer   |
|data_V_data_6_V_dout      |  in |   28|   ap_fifo  |                         data_V_data_6_V                        |    pointer   |
|data_V_data_6_V_empty_n   |  in |    1|   ap_fifo  |                         data_V_data_6_V                        |    pointer   |
|data_V_data_6_V_read      | out |    1|   ap_fifo  |                         data_V_data_6_V                        |    pointer   |
|data_V_data_7_V_dout      |  in |   28|   ap_fifo  |                         data_V_data_7_V                        |    pointer   |
|data_V_data_7_V_empty_n   |  in |    1|   ap_fifo  |                         data_V_data_7_V                        |    pointer   |
|data_V_data_7_V_read      | out |    1|   ap_fifo  |                         data_V_data_7_V                        |    pointer   |
|data_V_data_8_V_dout      |  in |   28|   ap_fifo  |                         data_V_data_8_V                        |    pointer   |
|data_V_data_8_V_empty_n   |  in |    1|   ap_fifo  |                         data_V_data_8_V                        |    pointer   |
|data_V_data_8_V_read      | out |    1|   ap_fifo  |                         data_V_data_8_V                        |    pointer   |
|data_V_data_9_V_dout      |  in |   28|   ap_fifo  |                         data_V_data_9_V                        |    pointer   |
|data_V_data_9_V_empty_n   |  in |    1|   ap_fifo  |                         data_V_data_9_V                        |    pointer   |
|data_V_data_9_V_read      | out |    1|   ap_fifo  |                         data_V_data_9_V                        |    pointer   |
|data_V_data_10_V_dout     |  in |   28|   ap_fifo  |                        data_V_data_10_V                        |    pointer   |
|data_V_data_10_V_empty_n  |  in |    1|   ap_fifo  |                        data_V_data_10_V                        |    pointer   |
|data_V_data_10_V_read     | out |    1|   ap_fifo  |                        data_V_data_10_V                        |    pointer   |
|data_V_data_11_V_dout     |  in |   28|   ap_fifo  |                        data_V_data_11_V                        |    pointer   |
|data_V_data_11_V_empty_n  |  in |    1|   ap_fifo  |                        data_V_data_11_V                        |    pointer   |
|data_V_data_11_V_read     | out |    1|   ap_fifo  |                        data_V_data_11_V                        |    pointer   |
|data_V_data_12_V_dout     |  in |   28|   ap_fifo  |                        data_V_data_12_V                        |    pointer   |
|data_V_data_12_V_empty_n  |  in |    1|   ap_fifo  |                        data_V_data_12_V                        |    pointer   |
|data_V_data_12_V_read     | out |    1|   ap_fifo  |                        data_V_data_12_V                        |    pointer   |
|data_V_data_13_V_dout     |  in |   28|   ap_fifo  |                        data_V_data_13_V                        |    pointer   |
|data_V_data_13_V_empty_n  |  in |    1|   ap_fifo  |                        data_V_data_13_V                        |    pointer   |
|data_V_data_13_V_read     | out |    1|   ap_fifo  |                        data_V_data_13_V                        |    pointer   |
|data_V_data_14_V_dout     |  in |   28|   ap_fifo  |                        data_V_data_14_V                        |    pointer   |
|data_V_data_14_V_empty_n  |  in |    1|   ap_fifo  |                        data_V_data_14_V                        |    pointer   |
|data_V_data_14_V_read     | out |    1|   ap_fifo  |                        data_V_data_14_V                        |    pointer   |
|data_V_data_15_V_dout     |  in |   28|   ap_fifo  |                        data_V_data_15_V                        |    pointer   |
|data_V_data_15_V_empty_n  |  in |    1|   ap_fifo  |                        data_V_data_15_V                        |    pointer   |
|data_V_data_15_V_read     | out |    1|   ap_fifo  |                        data_V_data_15_V                        |    pointer   |
|res_V_data_0_V_TREADY     |  in |    1|    axis    |                         res_V_data_0_V                         |    pointer   |
|res_V_data_0_V_TDATA      | out |   16|    axis    |                         res_V_data_0_V                         |    pointer   |
|res_V_data_0_V_TVALID     | out |    1|    axis    |                         res_V_data_0_V                         |    pointer   |
|res_V_data_1_V_TDATA      | out |   16|    axis    |                         res_V_data_1_V                         |    pointer   |
|res_V_data_1_V_TVALID     | out |    1|    axis    |                         res_V_data_1_V                         |    pointer   |
|res_V_data_1_V_TREADY     |  in |    1|    axis    |                         res_V_data_1_V                         |    pointer   |
|res_V_data_2_V_TDATA      | out |   16|    axis    |                         res_V_data_2_V                         |    pointer   |
|res_V_data_2_V_TVALID     | out |    1|    axis    |                         res_V_data_2_V                         |    pointer   |
|res_V_data_2_V_TREADY     |  in |    1|    axis    |                         res_V_data_2_V                         |    pointer   |
|res_V_data_3_V_TDATA      | out |   16|    axis    |                         res_V_data_3_V                         |    pointer   |
|res_V_data_3_V_TVALID     | out |    1|    axis    |                         res_V_data_3_V                         |    pointer   |
|res_V_data_3_V_TREADY     |  in |    1|    axis    |                         res_V_data_3_V                         |    pointer   |
|res_V_data_4_V_TDATA      | out |   16|    axis    |                         res_V_data_4_V                         |    pointer   |
|res_V_data_4_V_TVALID     | out |    1|    axis    |                         res_V_data_4_V                         |    pointer   |
|res_V_data_4_V_TREADY     |  in |    1|    axis    |                         res_V_data_4_V                         |    pointer   |
|res_V_data_5_V_TDATA      | out |   16|    axis    |                         res_V_data_5_V                         |    pointer   |
|res_V_data_5_V_TVALID     | out |    1|    axis    |                         res_V_data_5_V                         |    pointer   |
|res_V_data_5_V_TREADY     |  in |    1|    axis    |                         res_V_data_5_V                         |    pointer   |
|res_V_data_6_V_TDATA      | out |   16|    axis    |                         res_V_data_6_V                         |    pointer   |
|res_V_data_6_V_TVALID     | out |    1|    axis    |                         res_V_data_6_V                         |    pointer   |
|res_V_data_6_V_TREADY     |  in |    1|    axis    |                         res_V_data_6_V                         |    pointer   |
|res_V_data_7_V_TDATA      | out |   16|    axis    |                         res_V_data_7_V                         |    pointer   |
|res_V_data_7_V_TVALID     | out |    1|    axis    |                         res_V_data_7_V                         |    pointer   |
|res_V_data_7_V_TREADY     |  in |    1|    axis    |                         res_V_data_7_V                         |    pointer   |
|res_V_data_8_V_TDATA      | out |   16|    axis    |                         res_V_data_8_V                         |    pointer   |
|res_V_data_8_V_TVALID     | out |    1|    axis    |                         res_V_data_8_V                         |    pointer   |
|res_V_data_8_V_TREADY     |  in |    1|    axis    |                         res_V_data_8_V                         |    pointer   |
|res_V_data_9_V_TDATA      | out |   16|    axis    |                         res_V_data_9_V                         |    pointer   |
|res_V_data_9_V_TVALID     | out |    1|    axis    |                         res_V_data_9_V                         |    pointer   |
|res_V_data_9_V_TREADY     |  in |    1|    axis    |                         res_V_data_9_V                         |    pointer   |
|res_V_data_10_V_TDATA     | out |   16|    axis    |                         res_V_data_10_V                        |    pointer   |
|res_V_data_10_V_TVALID    | out |    1|    axis    |                         res_V_data_10_V                        |    pointer   |
|res_V_data_10_V_TREADY    |  in |    1|    axis    |                         res_V_data_10_V                        |    pointer   |
|res_V_data_11_V_TDATA     | out |   16|    axis    |                         res_V_data_11_V                        |    pointer   |
|res_V_data_11_V_TVALID    | out |    1|    axis    |                         res_V_data_11_V                        |    pointer   |
|res_V_data_11_V_TREADY    |  in |    1|    axis    |                         res_V_data_11_V                        |    pointer   |
|res_V_data_12_V_TDATA     | out |   16|    axis    |                         res_V_data_12_V                        |    pointer   |
|res_V_data_12_V_TVALID    | out |    1|    axis    |                         res_V_data_12_V                        |    pointer   |
|res_V_data_12_V_TREADY    |  in |    1|    axis    |                         res_V_data_12_V                        |    pointer   |
|res_V_data_13_V_TDATA     | out |   16|    axis    |                         res_V_data_13_V                        |    pointer   |
|res_V_data_13_V_TVALID    | out |    1|    axis    |                         res_V_data_13_V                        |    pointer   |
|res_V_data_13_V_TREADY    |  in |    1|    axis    |                         res_V_data_13_V                        |    pointer   |
|res_V_data_14_V_TDATA     | out |   16|    axis    |                         res_V_data_14_V                        |    pointer   |
|res_V_data_14_V_TVALID    | out |    1|    axis    |                         res_V_data_14_V                        |    pointer   |
|res_V_data_14_V_TREADY    |  in |    1|    axis    |                         res_V_data_14_V                        |    pointer   |
|res_V_data_15_V_TDATA     | out |   16|    axis    |                         res_V_data_15_V                        |    pointer   |
|res_V_data_15_V_TVALID    | out |    1|    axis    |                         res_V_data_15_V                        |    pointer   |
|res_V_data_15_V_TREADY    |  in |    1|    axis    |                         res_V_data_15_V                        |    pointer   |
+--------------------------+-----+-----+------------+----------------------------------------------------------------+--------------+

